18:07:45 **** Build of project signal_test_bsp ****
make -k all 
"Running Make include in microblaze_0/libsrc/bram_v4_2/src"
make -C microblaze_0/libsrc/bram_v4_2/src -s include  "SHELL=CMD" "COMPILER=mb-gcc" "ARCHIVER=mb-ar" "COMPILER_FLAGS=  -O2 -c -mcpu=v11.0 -mlittle-endian -mxl-soft-mul" "EXTRA_COMPILER_FLAGS=-ffunction-sections -fdata-sections -Wall -Wextra"
"Running Make include in microblaze_0/libsrc/cpu_v2_8/src"
make -C microblaze_0/libsrc/cpu_v2_8/src -s include  "SHELL=CMD" "COMPILER=mb-gcc" "ARCHIVER=mb-ar" "COMPILER_FLAGS=  -O2 -c -mcpu=v11.0 -mlittle-endian -mxl-soft-mul" "EXTRA_COMPILER_FLAGS=-ffunction-sections -fdata-sections -Wall -Wextra"
"Running Make include in microblaze_0/libsrc/gpio_v4_3/src"
make -C microblaze_0/libsrc/gpio_v4_3/src -s include  "SHELL=CMD" "COMPILER=mb-gcc" "ARCHIVER=mb-ar" "COMPILER_FLAGS=  -O2 -c -mcpu=v11.0 -mlittle-endian -mxl-soft-mul" "EXTRA_COMPILER_FLAGS=-ffunction-sections -fdata-sections -Wall -Wextra"
"Running Make include in microblaze_0/libsrc/standalone_v6_8/src"
make -C microblaze_0/libsrc/standalone_v6_8/src -s include  "SHELL=CMD" "COMPILER=mb-gcc" "ARCHIVER=mb-ar" "COMPILER_FLAGS=  -O2 -c -mcpu=v11.0 -mlittle-endian -mxl-soft-mul" "EXTRA_COMPILER_FLAGS=-ffunction-sections -fdata-sections -Wall -Wextra"
"Running Make libs in microblaze_0/libsrc/bram_v4_2/src"
make -C microblaze_0/libsrc/bram_v4_2/src -s libs  "SHELL=CMD" "COMPILER=mb-gcc" "ARCHIVER=mb-ar" "COMPILER_FLAGS=  -O2 -c -mcpu=v11.0 -mlittle-endian -mxl-soft-mul" "EXTRA_COMPILER_FLAGS=-ffunction-sections -fdata-sections -Wall -Wextra"
"Compiling bram"
mb-ar: creating ../../../lib/libxil.a
"Running Make libs in microblaze_0/libsrc/cpu_v2_8/src"
make -C microblaze_0/libsrc/cpu_v2_8/src -s libs  "SHELL=CMD" "COMPILER=mb-gcc" "ARCHIVER=mb-ar" "COMPILER_FLAGS=  -O2 -c -mcpu=v11.0 -mlittle-endian -mxl-soft-mul" "EXTRA_COMPILER_FLAGS=-ffunction-sections -fdata-sections -Wall -Wextra"
"Compiling cpu"
"Running Make libs in microblaze_0/libsrc/gpio_v4_3/src"
make -C microblaze_0/libsrc/gpio_v4_3/src -s libs  "SHELL=CMD" "COMPILER=mb-gcc" "ARCHIVER=mb-ar" "COMPILER_FLAGS=  -O2 -c -mcpu=v11.0 -mlittle-endian -mxl-soft-mul" "EXTRA_COMPILER_FLAGS=-ffunction-sections -fdata-sections -Wall -Wextra"
"Compiling gpio"
"Running Make libs in microblaze_0/libsrc/standalone_v6_8/src"
make -C microblaze_0/libsrc/standalone_v6_8/src -s libs  "SHELL=CMD" "COMPILER=mb-gcc" "ARCHIVER=mb-ar" "COMPILER_FLAGS=  -O2 -c -mcpu=v11.0 -mlittle-endian -mxl-soft-mul" "EXTRA_COMPILER_FLAGS=-ffunction-sections -fdata-sections -Wall -Wextra"
"Compiling standalone";
inbyte.c: In function 'inbyte':
inbyte.c:11:1: warning: control reaches end of non-void function [-Wreturn-type]
 }
 ^
outbyte.c: In function 'outbyte':
outbyte.c:11:19: warning: unused parameter 'c' [-Wunused-parameter]
 void outbyte(char c) {
                   ^
microblaze_sleep.c:77:9: note: #pragma message: For the sleep routines, assembly instructions are used
 #pragma message ("For the sleep routines, assembly instructions are used")
         ^~~~~~~
'Finished building libraries'

**** Build of configuration Debug for project signal_test ****

Nothing to build for project signal_test
18:08:57 **** Auto Build of configuration Debug for project signal_test ****
make all 
'Building file: ../src/main.c'
'Invoking: MicroBlaze gcc compiler'
mb-gcc -Wall -O0 -g3 -c -fmessage-length=0 -MT"src/main.o" -I../../signal_test_bsp/microblaze_0/include -mlittle-endian -mcpu=v11.0 -mxl-soft-mul -Wl,--no-relax -ffunction-sections -fdata-sections -MMD -MP -MF"src/main.d" -MT"src/main.o" -o "src/main.o" "../src/main.c"
'Finished building: ../src/main.c'
' '
'Building target: signal_test.elf'
'Invoking: MicroBlaze gcc linker'
mb-gcc -Wl,-T -Wl,../src/lscript.ld -L../../signal_test_bsp/microblaze_0/lib -mlittle-endian -mcpu=v11.0 -mxl-soft-mul -Wl,--no-relax -Wl,--gc-sections -o "signal_test.elf"  ./src/main.o   -Wl,--start-group,-lxil,-lgcc,-lc,--end-group
c:/xilinx/sdk/2018.3/gnu/microblaze/nt/bin/../lib/gcc/microblaze-xilinx-elf/7.3.1/../../../../microblaze-xilinx-elf/lib/le/crtinit.o: In function `_crtinit':
(.text+0x78): undefined reference to `main'
collect2.exe: error: ld returned 1 exit status
make: *** [makefile:38: signal_test.elf] Error 1
20:50:12 **** Clean-only build of configuration Debug for project signal_test ****
make clean 
rm -rf  ./src/main.o  ./src/main.d  signal_test.elf.size  signal_test.elf
' '
20:50:13 **** Auto Build of configuration Debug for project signal_test ****
make all 
'Building file: ../src/main.c'
'Invoking: MicroBlaze gcc compiler'
mb-gcc -Wall -O0 -g3 -c -fmessage-length=0 -MT"src/main.o" -I../../signal_test_bsp/microblaze_0/include -mlittle-endian -mcpu=v11.0 -mxl-soft-mul -Wl,--no-relax -ffunction-sections -fdata-sections -MMD -MP -MF"src/main.d" -MT"src/main.o" -o "src/main.o" "../src/main.c"
'Finished building: ../src/main.c'
' '
'Building target: signal_test.elf'
'Invoking: MicroBlaze gcc linker'
mb-gcc -Wl,-T -Wl,../src/lscript.ld -L../../signal_test_bsp/microblaze_0/lib -mlittle-endian -mcpu=v11.0 -mxl-soft-mul -Wl,--no-relax -Wl,--gc-sections -o "signal_test.elf"  ./src/main.o   -Wl,--start-group,-lxil,-lgcc,-lc,--end-group
c:/xilinx/sdk/2018.3/gnu/microblaze/nt/bin/../lib/gcc/microblaze-xilinx-elf/7.3.1/../../../../microblaze-xilinx-elf/lib/le/crtinit.o: In function `_crtinit':
(.text+0x78): undefined reference to `main'
collect2.exe: error: ld returned 1 exit status
make: *** [makefile:38: signal_test.elf] Error 1
20:50:23 **** Auto Build of configuration Debug for project signal_test ****
make all 
'Building target: signal_test.elf'
'Invoking: MicroBlaze gcc linker'
mb-gcc -Wl,-T -Wl,../src/lscript.ld -L../../signal_test_bsp/microblaze_0/lib -mlittle-endian -mcpu=v11.0 -mxl-soft-mul -Wl,--no-relax -Wl,--gc-sections -o "signal_test.elf"  ./src/main.o   -Wl,--start-group,-lxil,-lgcc,-lc,--end-group
c:/xilinx/sdk/2018.3/gnu/microblaze/nt/bin/../lib/gcc/microblaze-xilinx-elf/7.3.1/../../../../microblaze-xilinx-elf/lib/le/crtinit.o: In function `_crtinit':
(.text+0x78): undefined reference to `main'
collect2.exe: error: ld returned 1 exit status
make: *** [makefile:38: signal_test.elf] Error 1
20:50:56 **** Auto Build of configuration Debug for project signal_test ****
make all 
'Building target: signal_test.elf'
'Invoking: MicroBlaze gcc linker'
mb-gcc -Wl,-T -Wl,../src/lscript.ld -L../../signal_test_bsp/microblaze_0/lib -mlittle-endian -mcpu=v11.0 -mxl-soft-mul -Wl,--no-relax -Wl,--gc-sections -o "signal_test.elf"  ./src/main.o   -Wl,--start-group,-lxil,-lgcc,-lc,--end-group
c:/xilinx/sdk/2018.3/gnu/microblaze/nt/bin/../lib/gcc/microblaze-xilinx-elf/7.3.1/../../../../microblaze-xilinx-elf/lib/le/crtinit.o: In function `_crtinit':
(.text+0x78): undefined reference to `main'
collect2.exe: error: ld returned 1 exit status
make: *** [makefile:38: signal_test.elf] Error 1
20:51:02 **** Auto Build of configuration Debug for project signal_test ****
make all 
'Building file: ../src/main.c'
'Invoking: MicroBlaze gcc compiler'
mb-gcc -Wall -O0 -g3 -c -fmessage-length=0 -MT"src/main.o" -I../../signal_test_bsp/microblaze_0/include -mlittle-endian -mcpu=v11.0 -mxl-soft-mul -Wl,--no-relax -ffunction-sections -fdata-sections -MMD -MP -MF"src/main.d" -MT"src/main.o" -o "src/main.o" "../src/main.c"
../src/main.c:9:10: fatal error: signal_ip.h: No such file or directory
 #include "signal_ip.h"
          ^~~~~~~~~~~~~
compilation terminated.
make: *** [src/subdir.mk:23: src/main.o] Error 1
20:51:24 **** Auto Build of project signal_test_bsp ****
make -k all 
"Running Make include in microblaze_0/libsrc/bram_v4_2/src"
make -C microblaze_0/libsrc/bram_v4_2/src -s include  "SHELL=CMD" "COMPILER=mb-gcc" "ARCHIVER=mb-ar" "COMPILER_FLAGS=  -O2 -c -mcpu=v11.0 -mlittle-endian -mxl-soft-mul" "EXTRA_COMPILER_FLAGS=-ffunction-sections -fdata-sections -Wall -Wextra"
"Running Make include in microblaze_0/libsrc/cpu_v2_8/src"
make -C microblaze_0/libsrc/cpu_v2_8/src -s include  "SHELL=CMD" "COMPILER=mb-gcc" "ARCHIVER=mb-ar" "COMPILER_FLAGS=  -O2 -c -mcpu=v11.0 -mlittle-endian -mxl-soft-mul" "EXTRA_COMPILER_FLAGS=-ffunction-sections -fdata-sections -Wall -Wextra"
"Running Make include in microblaze_0/libsrc/gpio_v4_3/src"
make -C microblaze_0/libsrc/gpio_v4_3/src -s include  "SHELL=CMD" "COMPILER=mb-gcc" "ARCHIVER=mb-ar" "COMPILER_FLAGS=  -O2 -c -mcpu=v11.0 -mlittle-endian -mxl-soft-mul" "EXTRA_COMPILER_FLAGS=-ffunction-sections -fdata-sections -Wall -Wextra"
"Running Make include in microblaze_0/libsrc/standalone_v6_8/src"
make -C microblaze_0/libsrc/standalone_v6_8/src -s include  "SHELL=CMD" "COMPILER=mb-gcc" "ARCHIVER=mb-ar" "COMPILER_FLAGS=  -O2 -c -mcpu=v11.0 -mlittle-endian -mxl-soft-mul" "EXTRA_COMPILER_FLAGS=-ffunction-sections -fdata-sections -Wall -Wextra"
"Running Make libs in microblaze_0/libsrc/bram_v4_2/src"
make -C microblaze_0/libsrc/bram_v4_2/src -s libs  "SHELL=CMD" "COMPILER=mb-gcc" "ARCHIVER=mb-ar" "COMPILER_FLAGS=  -O2 -c -mcpu=v11.0 -mlittle-endian -mxl-soft-mul" "EXTRA_COMPILER_FLAGS=-ffunction-sections -fdata-sections -Wall -Wextra"
"Compiling bram"
"Running Make libs in microblaze_0/libsrc/cpu_v2_8/src"
make -C microblaze_0/libsrc/cpu_v2_8/src -s libs  "SHELL=CMD" "COMPILER=mb-gcc" "ARCHIVER=mb-ar" "COMPILER_FLAGS=  -O2 -c -mcpu=v11.0 -mlittle-endian -mxl-soft-mul" "EXTRA_COMPILER_FLAGS=-ffunction-sections -fdata-sections -Wall -Wextra"
"Compiling cpu"
"Running Make libs in microblaze_0/libsrc/gpio_v4_3/src"
make -C microblaze_0/libsrc/gpio_v4_3/src -s libs  "SHELL=CMD" "COMPILER=mb-gcc" "ARCHIVER=mb-ar" "COMPILER_FLAGS=  -O2 -c -mcpu=v11.0 -mlittle-endian -mxl-soft-mul" "EXTRA_COMPILER_FLAGS=-ffunction-sections -fdata-sections -Wall -Wextra"
"Compiling gpio"
"Running Make libs in microblaze_0/libsrc/standalone_v6_8/src"
make -C microblaze_0/libsrc/standalone_v6_8/src -s libs  "SHELL=CMD" "COMPILER=mb-gcc" "ARCHIVER=mb-ar" "COMPILER_FLAGS=  -O2 -c -mcpu=v11.0 -mlittle-endian -mxl-soft-mul" "EXTRA_COMPILER_FLAGS=-ffunction-sections -fdata-sections -Wall -Wextra"
"Compiling standalone";
inbyte.c: In function 'inbyte':
inbyte.c:11:1: warning: control reaches end of non-void function [-Wreturn-type]
 }
 ^
outbyte.c: In function 'outbyte':
outbyte.c:11:19: warning: unused parameter 'c' [-Wunused-parameter]
 void outbyte(char c) {
                   ^
microblaze_sleep.c:77:9: note: #pragma message: For the sleep routines, assembly instructions are used
 #pragma message ("For the sleep routines, assembly instructions are used")
         ^~~~~~~
'Finished building libraries'
20:51:40 **** Auto Build of configuration Debug for project signal_test ****
make all 
'Building file: ../src/main.c'
'Invoking: MicroBlaze gcc compiler'
mb-gcc -Wall -O0 -g3 -c -fmessage-length=0 -MT"src/main.o" -I../../signal_test_bsp/microblaze_0/include -mlittle-endian -mcpu=v11.0 -mxl-soft-mul -Wl,--no-relax -ffunction-sections -fdata-sections -MMD -MP -MF"src/main.d" -MT"src/main.o" -o "src/main.o" "../src/main.c"
../src/main.c: In function 'main':
../src/main.c:29:28: error: 'angleGpio' undeclared (first use in this function)
 status = XGpio_Initialize(&angleGpio, XPAR_AXI_GPIO_ANGLE_DEVICE_ID);
                            ^~~~~~~~~
../src/main.c:29:28: note: each undeclared identifier is reported only once for each function it appears in
../src/main.c:29:39: error: 'XPAR_AXI_GPIO_ANGLE_DEVICE_ID' undeclared (first use in this function); did you mean 'XPAR_AXI_GPIO_A_DEVICE_ID'?
 status = XGpio_Initialize(&angleGpio, XPAR_AXI_GPIO_ANGLE_DEVICE_ID);
                                       ^~~~~~~~~~~~~~~~~~~~~~~~~~~~~
                                       XPAR_AXI_GPIO_A_DEVICE_ID
../src/main.c:35:28: error: 'sinGpio' undeclared (first use in this function); did you mean 'RGpio'?
 status = XGpio_Initialize(&sinGpio, XPAR_AXI_GPIO_SIN_DEVICE_ID);
                            ^~~~~~~
                            RGpio
../src/main.c:35:37: error: 'XPAR_AXI_GPIO_SIN_DEVICE_ID' undeclared (first use in this function); did you mean 'XPAR_AXI_GPIO_IM_DEVICE_ID'?
 status = XGpio_Initialize(&sinGpio, XPAR_AXI_GPIO_SIN_DEVICE_ID);
                                     ^~~~~~~~~~~~~~~~~~~~~~~~~~~
                                     XPAR_AXI_GPIO_IM_DEVICE_ID
../src/main.c:41:28: error: 'ImGpio' undeclared (first use in this function); did you mean 'RGpio'?
 status = XGpio_Initialize(&ImGpio, XPAR_AXI_GPIO_COS_DEVICE_ID);
                            ^~~~~~
                            RGpio
../src/main.c:41:36: error: 'XPAR_AXI_GPIO_COS_DEVICE_ID' undeclared (first use in this function); did you mean 'XPAR_AXI_GPIO_C_DEVICE_ID'?
 status = XGpio_Initialize(&ImGpio, XPAR_AXI_GPIO_COS_DEVICE_ID);
                                    ^~~~~~~~~~~~~~~~~~~~~~~~~~~
                                    XPAR_AXI_GPIO_C_DEVICE_ID
In file included from ../src/main.c:9:0:
../src/main.c:14:26: error: 'XPAR_CORDIC_IP_0_S00_AXI_BASEADDR' undeclared (first use in this function); did you mean 'XPAR_AXI_GPIO_A_BASEADDR'?
 #define CORDIC_BASE_ADDR XPAR_CORDIC_IP_0_S00_AXI_BASEADDR
                          ^
../../signal_test_bsp/microblaze_0/include/signal_ip.h:35:15: note: in definition of macro 'SIGNAL_IP_mWriteReg'
    Xil_Out32((BaseAddress) + (RegOffset), (u32)(Data))
               ^~~~~~~~~~~
../src/main.c:50:21: note: in expansion of macro 'CORDIC_BASE_ADDR'
 SIGNAL_IP_mWriteReg(CORDIC_BASE_ADDR, ??????????????, data);
                     ^~~~~~~~~~~~~~~~
../src/main.c:50:39: error: expected expression before '?' token
 SIGNAL_IP_mWriteReg(CORDIC_BASE_ADDR, ??????????????, data);
                                       ^
../../signal_test_bsp/microblaze_0/include/signal_ip.h:35:31: note: in definition of macro 'SIGNAL_IP_mWriteReg'
    Xil_Out32((BaseAddress) + (RegOffset), (u32)(Data))
                               ^~~~~~~~~
../src/main.c:52:1: warning: implicit declaration of function 'CORDIC_IP_mWriteReg'; did you mean 'SIGNAL_IP_mWriteReg'? [-Wimplicit-function-declaration]
 CORDIC_IP_mWriteReg(CORDIC_BASE_ADDR, ??????????????, 1);
 ^~~~~~~~~~~~~~~~~~~
 SIGNAL_IP_mWriteReg
../src/main.c:52:39: error: expected expression before '?' token
 CORDIC_IP_mWriteReg(CORDIC_BASE_ADDR, ??????????????, 1);
                                       ^
../src/main.c:52:53: warning: left-hand operand of comma expression has no effect [-Wunused-value]
 CORDIC_IP_mWriteReg(CORDIC_BASE_ADDR, ??????????????, 1);
                                                     ^
../src/main.c:53:39: error: expected expression before '?' token
 CORDIC_IP_mWriteReg(CORDIC_BASE_ADDR, ??????????????, 0);
                                       ^
../src/main.c:53:53: warning: left-hand operand of comma expression has no effect [-Wunused-value]
 CORDIC_IP_mWriteReg(CORDIC_BASE_ADDR, ??????????????, 0);
                                                     ^
../src/main.c:56:9: warning: implicit declaration of function 'CORDIC_IP_mReadReg'; did you mean 'SIGNAL_IP_mReadReg'? [-Wimplicit-function-declaration]
 while( (CORDIC_IP_mReadReg(CORDIC_BASE_ADDR, ??????????????) & 0x01) == 0);
         ^~~~~~~~~~~~~~~~~~
         SIGNAL_IP_mReadReg
../src/main.c:56:46: error: expected expression before '?' token
 while( (CORDIC_IP_mReadReg(CORDIC_BASE_ADDR, ??????????????) & 0x01) == 0);
                                              ^
../src/main.c:56:58: warning: trigraph ??) ignored, use -trigraphs to enable [-Wtrigraphs]
 while( (CORDIC_IP_mReadReg(CORDIC_BASE_ADDR, ??????????????) & 0x01) == 0);
                                                           
../src/main.c:58:59: warning: trigraph ??) ignored, use -trigraphs to enable [-Wtrigraphs]
 result = SIGNAL_IP_mReadReg(CORDIC_BASE_ADDR, ??????????????);
                                                            
In file included from ../src/main.c:9:0:
../src/main.c:58:47: error: expected expression before '?' token
 result = SIGNAL_IP_mReadReg(CORDIC_BASE_ADDR, ??????????????);
                                               ^
../../signal_test_bsp/microblaze_0/include/signal_ip.h:55:31: note: in definition of macro 'SIGNAL_IP_mReadReg'
     Xil_In32((BaseAddress) + (RegOffset))
                               ^~~~~~~~~
../src/main.c:60:6: warning: implicit declaration of function 'RESULT_REG_Re'; did you mean 'RESULT_REG_SIN'? [-Wimplicit-function-declaration]
 Re = RESULT_REG_Re( result );
      ^~~~~~~~~~~~~
      RESULT_REG_SIN
../src/main.c:61:6: warning: implicit declaration of function 'RESULT_REG_Im'; did you mean 'RESULT_REG_SIN'? [-Wimplicit-function-declaration]
 Im = RESULT_REG_Im( result );
      ^~~~~~~~~~~~~
      RESULT_REG_SIN
../src/main.c:63:22: error: 'ReGpio' undeclared (first use in this function); did you mean 'RGpio'?
 XGpio_DiscreteWrite(&ReGpio, CHANNEL, Re);
                      ^~~~~~
                      RGpio
../src/main.c:64:22: error: 'CosGpio' undeclared (first use in this function); did you mean 'CGpio'?
 XGpio_DiscreteWrite(&CosGpio, CHANNEL, Im);
                      ^~~~~~~
                      CGpio
../src/main.c:25:28: warning: unused variable 'RGpio' [-Wunused-variable]
 XGpio AGpio, BGpio, CGpio, RGpio;
                            ^~~~~
../src/main.c:25:21: warning: unused variable 'CGpio' [-Wunused-variable]
 XGpio AGpio, BGpio, CGpio, RGpio;
                     ^~~~~
../src/main.c:25:14: warning: unused variable 'BGpio' [-Wunused-variable]
 XGpio AGpio, BGpio, CGpio, RGpio;
              ^~~~~
../src/main.c:25:7: warning: unused variable 'AGpio' [-Wunused-variable]
 XGpio AGpio, BGpio, CGpio, RGpio;
       ^~~~~
make: *** [src/subdir.mk:23: src/main.o] Error 1
21:29:24 **** Auto Build of configuration Debug for project signal_test ****
make all 
'Building file: ../src/main.c'
'Invoking: MicroBlaze gcc compiler'
mb-gcc -Wall -O0 -g3 -c -fmessage-length=0 -MT"src/main.o" -I../../signal_test_bsp/microblaze_0/include -mlittle-endian -mcpu=v11.0 -mxl-soft-mul -Wl,--no-relax -ffunction-sections -fdata-sections -MMD -MP -MF"src/main.d" -MT"src/main.o" -o "src/main.o" "../src/main.c"
'Finished building: ../src/main.c'
' '
'Building target: signal_test.elf'
'Invoking: MicroBlaze gcc linker'
mb-gcc -Wl,-T -Wl,../src/lscript.ld -L../../signal_test_bsp/microblaze_0/lib -mlittle-endian -mcpu=v11.0 -mxl-soft-mul -Wl,--no-relax -Wl,--gc-sections -o "signal_test.elf"  ./src/main.o   -Wl,--start-group,-lxil,-lgcc,-lc,--end-group
c:/xilinx/sdk/2018.3/gnu/microblaze/nt/bin/../lib/gcc/microblaze-xilinx-elf/7.3.1/../../../../microblaze-xilinx-elf/lib/le/crtinit.o: In function `_crtinit':
(.text+0x78): undefined reference to `main'
collect2.exe: error: ld returned 1 exit status
make: *** [makefile:38: signal_test.elf] Error 1
21:45:21 **** Auto Build of configuration Debug for project signal_test ****
make all 
'Building file: ../src/main.c'
'Invoking: MicroBlaze gcc compiler'
mb-gcc -Wall -O0 -g3 -c -fmessage-length=0 -MT"src/main.o" -I../../signal_test_bsp/microblaze_0/include -mlittle-endian -mcpu=v11.0 -mxl-soft-mul -Wl,--no-relax -ffunction-sections -fdata-sections -MMD -MP -MF"src/main.d" -MT"src/main.o" -o "src/main.o" "../src/main.c"
../src/main.c: In function 'main':
../src/main.c:25:28: error: 'angleGpio' undeclared (first use in this function); did you mean 'ReGpio'?
 status = XGpio_Initialize(&angleGpio, XPAR_AXI_GPIO_ANGLE_DEVICE_ID);
                            ^~~~~~~~~
                            ReGpio
../src/main.c:25:28: note: each undeclared identifier is reported only once for each function it appears in
../src/main.c:25:39: error: 'XPAR_AXI_GPIO_ANGLE_DEVICE_ID' undeclared (first use in this function); did you mean 'XPAR_AXI_GPIO_A_DEVICE_ID'?
 status = XGpio_Initialize(&angleGpio, XPAR_AXI_GPIO_ANGLE_DEVICE_ID);
                                       ^~~~~~~~~~~~~~~~~~~~~~~~~~~~~
                                       XPAR_AXI_GPIO_A_DEVICE_ID
../src/main.c:31:36: error: 'XPAR_AXI_GPIO_SIN_DEVICE_ID' undeclared (first use in this function); did you mean 'XPAR_AXI_GPIO_IM_DEVICE_ID'?
 status = XGpio_Initialize(&ReGpio, XPAR_AXI_GPIO_SIN_DEVICE_ID);
                                    ^~~~~~~~~~~~~~~~~~~~~~~~~~~
                                    XPAR_AXI_GPIO_IM_DEVICE_ID
../src/main.c:35:25: error: 'sinGpio' undeclared (first use in this function); did you mean 'ImGpio'?
 XGpio_SetDataDirection(&sinGpio, CHANNEL, 0x000);
                         ^~~~~~~
                         ImGpio
../src/main.c:37:28: error: 'cosGpio' undeclared (first use in this function); did you mean 'sinGpio'?
 status = XGpio_Initialize(&cosGpio, XPAR_AXI_GPIO_COS_DEVICE_ID);
                            ^~~~~~~
                            sinGpio
../src/main.c:37:37: error: 'XPAR_AXI_GPIO_COS_DEVICE_ID' undeclared (first use in this function); did you mean 'XPAR_AXI_GPIO_C_DEVICE_ID'?
 status = XGpio_Initialize(&cosGpio, XPAR_AXI_GPIO_COS_DEVICE_ID);
                                     ^~~~~~~~~~~~~~~~~~~~~~~~~~~
                                     XPAR_AXI_GPIO_C_DEVICE_ID
../src/main.c:49:1: warning: implicit declaration of function 'CORDIC_IP_mWriteReg'; did you mean 'SIGNAL_IP_mWriteReg'? [-Wimplicit-function-declaration]
 CORDIC_IP_mWriteReg(SIGNAL_BASE_ADDR, A_REG_OFFSET, data);
 ^~~~~~~~~~~~~~~~~~~
 SIGNAL_IP_mWriteReg
../src/main.c:7:26: error: 'XPAR_CORDIC_IP_0_S00_AXI_BASEADDR' undeclared (first use in this function); did you mean 'XPAR_AXI_GPIO_A_BASEADDR'?
 #define SIGNAL_BASE_ADDR XPAR_CORDIC_IP_0_S00_AXI_BASEADDR
                          ^
../src/main.c:7:26: note: in definition of macro 'SIGNAL_BASE_ADDR'
 #define SIGNAL_BASE_ADDR XPAR_CORDIC_IP_0_S00_AXI_BASEADDR
                          ^~~~~~~~~~~~~~~~~~~~~~~~~~~~~~~~~
../src/main.c:10:22: error: 'CORDIC_IP_S00_AXI_SLV_REG1_OFFSET' undeclared (first use in this function); did you mean 'SIGNAL_IP_S00_AXI_SLV_REG1_OFFSET'?
 #define A_REG_OFFSET CORDIC_IP_S00_AXI_SLV_REG1_OFFSET
                      ^
../src/main.c:10:22: note: in definition of macro 'A_REG_OFFSET'
 #define A_REG_OFFSET CORDIC_IP_S00_AXI_SLV_REG1_OFFSET
                      ^~~~~~~~~~~~~~~~~~~~~~~~~~~~~~~~~
../src/main.c:9:28: error: 'CORDIC_IP_S00_AXI_SLV_REG0_OFFSET' undeclared (first use in this function); did you mean 'CORDIC_IP_S00_AXI_SLV_REG1_OFFSET'?
 #define CONTROL_REG_OFFSET CORDIC_IP_S00_AXI_SLV_REG0_OFFSET
                            ^
../src/main.c:9:28: note: in definition of macro 'CONTROL_REG_OFFSET'
 #define CONTROL_REG_OFFSET CORDIC_IP_S00_AXI_SLV_REG0_OFFSET
                            ^~~~~~~~~~~~~~~~~~~~~~~~~~~~~~~~~
../src/main.c:55:9: warning: implicit declaration of function 'CORDIC_IP_mReadReg'; did you mean 'SIGNAL_IP_mReadReg'? [-Wimplicit-function-declaration]
 while( (CORDIC_IP_mReadReg(CORDIC_BASE_ADDR, STATUS_REG_OFFSET) & 0x01) == 0);
         ^~~~~~~~~~~~~~~~~~
         SIGNAL_IP_mReadReg
../src/main.c:55:28: error: 'CORDIC_BASE_ADDR' undeclared (first use in this function); did you mean 'SIGNAL_BASE_ADDR'?
 while( (CORDIC_IP_mReadReg(CORDIC_BASE_ADDR, STATUS_REG_OFFSET) & 0x01) == 0);
                            ^~~~~~~~~~~~~~~~
                            SIGNAL_BASE_ADDR
../src/main.c:11:27: error: 'CORDIC_IP_S00_AXI_SLV_REG2_OFFSET' undeclared (first use in this function); did you mean 'CORDIC_IP_S00_AXI_SLV_REG0_OFFSET'?
 #define STATUS_REG_OFFSET CORDIC_IP_S00_AXI_SLV_REG2_OFFSET
                           ^
../src/main.c:11:27: note: in definition of macro 'STATUS_REG_OFFSET'
 #define STATUS_REG_OFFSET CORDIC_IP_S00_AXI_SLV_REG2_OFFSET
                           ^~~~~~~~~~~~~~~~~~~~~~~~~~~~~~~~~
../src/main.c:12:27: error: 'CORDIC_IP_S00_AXI_SLV_REG3_OFFSET' undeclared (first use in this function); did you mean 'CORDIC_IP_S00_AXI_SLV_REG2_OFFSET'?
 #define RESULT_REG_OFFSET CORDIC_IP_S00_AXI_SLV_REG3_OFFSET
                           ^
../src/main.c:12:27: note: in definition of macro 'RESULT_REG_OFFSET'
 #define RESULT_REG_OFFSET CORDIC_IP_S00_AXI_SLV_REG3_OFFSET
                           ^~~~~~~~~~~~~~~~~~~~~~~~~~~~~~~~~
../src/main.c:59:1: error: 'Re' undeclared (first use in this function)
 Re = RESULT_REG_SIN( result );
 ^~
../src/main.c:59:6: warning: implicit declaration of function 'RESULT_REG_SIN'; did you mean 'RESULT_REG_IM'? [-Wimplicit-function-declaration]
 Re = RESULT_REG_SIN( result );
      ^~~~~~~~~~~~~~
      RESULT_REG_IM
../src/main.c:60:1: error: 'Im' undeclared (first use in this function)
 Im = RESULT_REG_COS( result );
 ^~
../src/main.c:60:6: warning: implicit declaration of function 'RESULT_REG_COS'; did you mean 'RESULT_REG_IM'? [-Wimplicit-function-declaration]
 Im = RESULT_REG_COS( result );
      ^~~~~~~~~~~~~~
      RESULT_REG_IM
../src/main.c:23:18: warning: unused variable 'cos' [-Wunused-variable]
 u32 result, sin, cos;
                  ^~~
../src/main.c:23:13: warning: unused variable 'sin' [-Wunused-variable]
 u32 result, sin, cos;
             ^~~
make: *** [src/subdir.mk:23: src/main.o] Error 1
21:45:47 **** Auto Build of configuration Debug for project signal_test ****
make all 
'Building file: ../src/main.c'
'Invoking: MicroBlaze gcc compiler'
mb-gcc -Wall -O0 -g3 -c -fmessage-length=0 -MT"src/main.o" -I../../signal_test_bsp/microblaze_0/include -mlittle-endian -mcpu=v11.0 -mxl-soft-mul -Wl,--no-relax -ffunction-sections -fdata-sections -MMD -MP -MF"src/main.d" -MT"src/main.o" -o "src/main.o" "../src/main.c"
../src/main.c: In function 'main':
../src/main.c:25:28: error: 'angleGpio' undeclared (first use in this function); did you mean 'ReGpio'?
 status = XGpio_Initialize(&angleGpio, XPAR_AXI_GPIO_ANGLE_DEVICE_ID);
                            ^~~~~~~~~
                            ReGpio
../src/main.c:25:28: note: each undeclared identifier is reported only once for each function it appears in
../src/main.c:25:39: error: 'XPAR_AXI_GPIO_ANGLE_DEVICE_ID' undeclared (first use in this function); did you mean 'XPAR_AXI_GPIO_A_DEVICE_ID'?
 status = XGpio_Initialize(&angleGpio, XPAR_AXI_GPIO_ANGLE_DEVICE_ID);
                                       ^~~~~~~~~~~~~~~~~~~~~~~~~~~~~
                                       XPAR_AXI_GPIO_A_DEVICE_ID
../src/main.c:31:36: error: 'XPAR_AXI_GPIO_SIN_DEVICE_ID' undeclared (first use in this function); did you mean 'XPAR_AXI_GPIO_IM_DEVICE_ID'?
 status = XGpio_Initialize(&ReGpio, XPAR_AXI_GPIO_SIN_DEVICE_ID);
                                    ^~~~~~~~~~~~~~~~~~~~~~~~~~~
                                    XPAR_AXI_GPIO_IM_DEVICE_ID
../src/main.c:35:25: error: 'sinGpio' undeclared (first use in this function); did you mean 'ImGpio'?
 XGpio_SetDataDirection(&sinGpio, CHANNEL, 0x000);
                         ^~~~~~~
                         ImGpio
../src/main.c:37:28: error: 'cosGpio' undeclared (first use in this function); did you mean 'sinGpio'?
 status = XGpio_Initialize(&cosGpio, XPAR_AXI_GPIO_COS_DEVICE_ID);
                            ^~~~~~~
                            sinGpio
../src/main.c:37:37: error: 'XPAR_AXI_GPIO_COS_DEVICE_ID' undeclared (first use in this function); did you mean 'XPAR_AXI_GPIO_C_DEVICE_ID'?
 status = XGpio_Initialize(&cosGpio, XPAR_AXI_GPIO_COS_DEVICE_ID);
                                     ^~~~~~~~~~~~~~~~~~~~~~~~~~~
                                     XPAR_AXI_GPIO_C_DEVICE_ID
../src/main.c:49:1: warning: implicit declaration of function 'CORDIC_IP_mWriteReg'; did you mean 'SIGNAL_IP_mWriteReg'? [-Wimplicit-function-declaration]
 CORDIC_IP_mWriteReg(SIGNAL_BASE_ADDR, A_REG_OFFSET, data);
 ^~~~~~~~~~~~~~~~~~~
 SIGNAL_IP_mWriteReg
../src/main.c:7:26: error: 'XPAR_SIGNAL_IP_0_S00_AXI_BASEADDR' undeclared (first use in this function); did you mean 'XPAR_AXI_GPIO_A_BASEADDR'?
 #define SIGNAL_BASE_ADDR XPAR_SIGNAL_IP_0_S00_AXI_BASEADDR
                          ^
../src/main.c:7:26: note: in definition of macro 'SIGNAL_BASE_ADDR'
 #define SIGNAL_BASE_ADDR XPAR_SIGNAL_IP_0_S00_AXI_BASEADDR
                          ^~~~~~~~~~~~~~~~~~~~~~~~~~~~~~~~~
../src/main.c:10:22: error: 'CORDIC_IP_S00_AXI_SLV_REG1_OFFSET' undeclared (first use in this function); did you mean 'SIGNAL_IP_S00_AXI_SLV_REG1_OFFSET'?
 #define A_REG_OFFSET CORDIC_IP_S00_AXI_SLV_REG1_OFFSET
                      ^
../src/main.c:10:22: note: in definition of macro 'A_REG_OFFSET'
 #define A_REG_OFFSET CORDIC_IP_S00_AXI_SLV_REG1_OFFSET
                      ^~~~~~~~~~~~~~~~~~~~~~~~~~~~~~~~~
../src/main.c:9:28: error: 'CORDIC_IP_S00_AXI_SLV_REG0_OFFSET' undeclared (first use in this function); did you mean 'CORDIC_IP_S00_AXI_SLV_REG1_OFFSET'?
 #define CONTROL_REG_OFFSET CORDIC_IP_S00_AXI_SLV_REG0_OFFSET
                            ^
../src/main.c:9:28: note: in definition of macro 'CONTROL_REG_OFFSET'
 #define CONTROL_REG_OFFSET CORDIC_IP_S00_AXI_SLV_REG0_OFFSET
                            ^~~~~~~~~~~~~~~~~~~~~~~~~~~~~~~~~
../src/main.c:55:9: warning: implicit declaration of function 'CORDIC_IP_mReadReg'; did you mean 'SIGNAL_IP_mReadReg'? [-Wimplicit-function-declaration]
 while( (CORDIC_IP_mReadReg(CORDIC_BASE_ADDR, STATUS_REG_OFFSET) & 0x01) == 0);
         ^~~~~~~~~~~~~~~~~~
         SIGNAL_IP_mReadReg
../src/main.c:55:28: error: 'CORDIC_BASE_ADDR' undeclared (first use in this function); did you mean 'SIGNAL_BASE_ADDR'?
 while( (CORDIC_IP_mReadReg(CORDIC_BASE_ADDR, STATUS_REG_OFFSET) & 0x01) == 0);
                            ^~~~~~~~~~~~~~~~
                            SIGNAL_BASE_ADDR
../src/main.c:11:27: error: 'CORDIC_IP_S00_AXI_SLV_REG2_OFFSET' undeclared (first use in this function); did you mean 'CORDIC_IP_S00_AXI_SLV_REG0_OFFSET'?
 #define STATUS_REG_OFFSET CORDIC_IP_S00_AXI_SLV_REG2_OFFSET
                           ^
../src/main.c:11:27: note: in definition of macro 'STATUS_REG_OFFSET'
 #define STATUS_REG_OFFSET CORDIC_IP_S00_AXI_SLV_REG2_OFFSET
                           ^~~~~~~~~~~~~~~~~~~~~~~~~~~~~~~~~
../src/main.c:12:27: error: 'CORDIC_IP_S00_AXI_SLV_REG3_OFFSET' undeclared (first use in this function); did you mean 'CORDIC_IP_S00_AXI_SLV_REG2_OFFSET'?
 #define RESULT_REG_OFFSET CORDIC_IP_S00_AXI_SLV_REG3_OFFSET
                           ^
../src/main.c:12:27: note: in definition of macro 'RESULT_REG_OFFSET'
 #define RESULT_REG_OFFSET CORDIC_IP_S00_AXI_SLV_REG3_OFFSET
                           ^~~~~~~~~~~~~~~~~~~~~~~~~~~~~~~~~
../src/main.c:59:1: error: 'Re' undeclared (first use in this function)
 Re = RESULT_REG_SIN( result );
 ^~
../src/main.c:59:6: warning: implicit declaration of function 'RESULT_REG_SIN'; did you mean 'RESULT_REG_IM'? [-Wimplicit-function-declaration]
 Re = RESULT_REG_SIN( result );
      ^~~~~~~~~~~~~~
      RESULT_REG_IM
../src/main.c:60:1: error: 'Im' undeclared (first use in this function)
 Im = RESULT_REG_COS( result );
 ^~
../src/main.c:60:6: warning: implicit declaration of function 'RESULT_REG_COS'; did you mean 'RESULT_REG_IM'? [-Wimplicit-function-declaration]
 Im = RESULT_REG_COS( result );
      ^~~~~~~~~~~~~~
      RESULT_REG_IM
../src/main.c:23:18: warning: unused variable 'cos' [-Wunused-variable]
 u32 result, sin, cos;
                  ^~~
../src/main.c:23:13: warning: unused variable 'sin' [-Wunused-variable]
 u32 result, sin, cos;
             ^~~
make: *** [src/subdir.mk:23: src/main.o] Error 1
21:46:14 **** Auto Build of configuration Debug for project signal_test ****
make all 
'Building file: ../src/main.c'
'Invoking: MicroBlaze gcc compiler'
mb-gcc -Wall -O0 -g3 -c -fmessage-length=0 -MT"src/main.o" -I../../signal_test_bsp/microblaze_0/include -mlittle-endian -mcpu=v11.0 -mxl-soft-mul -Wl,--no-relax -ffunction-sections -fdata-sections -MMD -MP -MF"src/main.d" -MT"src/main.o" -o "src/main.o" "../src/main.c"
../src/main.c: In function 'main':
../src/main.c:25:28: error: 'angleGpio' undeclared (first use in this function); did you mean 'ReGpio'?
 status = XGpio_Initialize(&angleGpio, XPAR_AXI_GPIO_ANGLE_DEVICE_ID);
                            ^~~~~~~~~
                            ReGpio
../src/main.c:25:28: note: each undeclared identifier is reported only once for each function it appears in
../src/main.c:25:39: error: 'XPAR_AXI_GPIO_ANGLE_DEVICE_ID' undeclared (first use in this function); did you mean 'XPAR_AXI_GPIO_A_DEVICE_ID'?
 status = XGpio_Initialize(&angleGpio, XPAR_AXI_GPIO_ANGLE_DEVICE_ID);
                                       ^~~~~~~~~~~~~~~~~~~~~~~~~~~~~
                                       XPAR_AXI_GPIO_A_DEVICE_ID
../src/main.c:31:36: error: 'XPAR_AXI_GPIO_SIN_DEVICE_ID' undeclared (first use in this function); did you mean 'XPAR_AXI_GPIO_IM_DEVICE_ID'?
 status = XGpio_Initialize(&ReGpio, XPAR_AXI_GPIO_SIN_DEVICE_ID);
                                    ^~~~~~~~~~~~~~~~~~~~~~~~~~~
                                    XPAR_AXI_GPIO_IM_DEVICE_ID
../src/main.c:35:25: error: 'sinGpio' undeclared (first use in this function); did you mean 'ImGpio'?
 XGpio_SetDataDirection(&sinGpio, CHANNEL, 0x000);
                         ^~~~~~~
                         ImGpio
../src/main.c:37:28: error: 'cosGpio' undeclared (first use in this function); did you mean 'sinGpio'?
 status = XGpio_Initialize(&cosGpio, XPAR_AXI_GPIO_COS_DEVICE_ID);
                            ^~~~~~~
                            sinGpio
../src/main.c:37:37: error: 'XPAR_AXI_GPIO_COS_DEVICE_ID' undeclared (first use in this function); did you mean 'XPAR_AXI_GPIO_C_DEVICE_ID'?
 status = XGpio_Initialize(&cosGpio, XPAR_AXI_GPIO_COS_DEVICE_ID);
                                     ^~~~~~~~~~~~~~~~~~~~~~~~~~~
                                     XPAR_AXI_GPIO_C_DEVICE_ID
../src/main.c:49:1: warning: implicit declaration of function 'CORDIC_IP_mWriteReg'; did you mean 'SIGNAL_IP_mWriteReg'? [-Wimplicit-function-declaration]
 CORDIC_IP_mWriteReg(SIGNAL_BASE_ADDR, A_REG_OFFSET, data);
 ^~~~~~~~~~~~~~~~~~~
 SIGNAL_IP_mWriteReg
../src/main.c:7:26: error: 'XPAR_SIGNAL_IP_0_S00_AXI_BASEADDR' undeclared (first use in this function); did you mean 'XPAR_AXI_GPIO_A_BASEADDR'?
 #define SIGNAL_BASE_ADDR XPAR_SIGNAL_IP_0_S00_AXI_BASEADDR
                          ^
../src/main.c:7:26: note: in definition of macro 'SIGNAL_BASE_ADDR'
 #define SIGNAL_BASE_ADDR XPAR_SIGNAL_IP_0_S00_AXI_BASEADDR
                          ^~~~~~~~~~~~~~~~~~~~~~~~~~~~~~~~~
../src/main.c:9:28: error: 'CORDIC_IP_S00_AXI_SLV_REG0_OFFSET' undeclared (first use in this function); did you mean 'SIGNAL_IP_S00_AXI_SLV_REG0_OFFSET'?
 #define CONTROL_REG_OFFSET CORDIC_IP_S00_AXI_SLV_REG0_OFFSET
                            ^
../src/main.c:9:28: note: in definition of macro 'CONTROL_REG_OFFSET'
 #define CONTROL_REG_OFFSET CORDIC_IP_S00_AXI_SLV_REG0_OFFSET
                            ^~~~~~~~~~~~~~~~~~~~~~~~~~~~~~~~~
../src/main.c:55:9: warning: implicit declaration of function 'CORDIC_IP_mReadReg'; did you mean 'SIGNAL_IP_mReadReg'? [-Wimplicit-function-declaration]
 while( (CORDIC_IP_mReadReg(CORDIC_BASE_ADDR, STATUS_REG_OFFSET) & 0x01) == 0);
         ^~~~~~~~~~~~~~~~~~
         SIGNAL_IP_mReadReg
../src/main.c:55:28: error: 'CORDIC_BASE_ADDR' undeclared (first use in this function); did you mean 'SIGNAL_BASE_ADDR'?
 while( (CORDIC_IP_mReadReg(CORDIC_BASE_ADDR, STATUS_REG_OFFSET) & 0x01) == 0);
                            ^~~~~~~~~~~~~~~~
                            SIGNAL_BASE_ADDR
../src/main.c:59:1: error: 'Re' undeclared (first use in this function)
 Re = RESULT_REG_SIN( result );
 ^~
../src/main.c:59:6: warning: implicit declaration of function 'RESULT_REG_SIN'; did you mean 'RESULT_REG_IM'? [-Wimplicit-function-declaration]
 Re = RESULT_REG_SIN( result );
      ^~~~~~~~~~~~~~
      RESULT_REG_IM
../src/main.c:60:1: error: 'Im' undeclared (first use in this function)
 Im = RESULT_REG_COS( result );
 ^~
../src/main.c:60:6: warning: implicit declaration of function 'RESULT_REG_COS'; did you mean 'RESULT_REG_IM'? [-Wimplicit-function-declaration]
 Im = RESULT_REG_COS( result );
      ^~~~~~~~~~~~~~
      RESULT_REG_IM
../src/main.c:23:18: warning: unused variable 'cos' [-Wunused-variable]
 u32 result, sin, cos;
                  ^~~
../src/main.c:23:13: warning: unused variable 'sin' [-Wunused-variable]
 u32 result, sin, cos;
             ^~~
make: *** [src/subdir.mk:23: src/main.o] Error 1
21:46:32 **** Auto Build of configuration Debug for project signal_test ****
make all 
'Building file: ../src/main.c'
'Invoking: MicroBlaze gcc compiler'
mb-gcc -Wall -O0 -g3 -c -fmessage-length=0 -MT"src/main.o" -I../../signal_test_bsp/microblaze_0/include -mlittle-endian -mcpu=v11.0 -mxl-soft-mul -Wl,--no-relax -ffunction-sections -fdata-sections -MMD -MP -MF"src/main.d" -MT"src/main.o" -o "src/main.o" "../src/main.c"
../src/main.c: In function 'main':
../src/main.c:25:28: error: 'angleGpio' undeclared (first use in this function); did you mean 'ReGpio'?
 status = XGpio_Initialize(&angleGpio, XPAR_AXI_GPIO_ANGLE_DEVICE_ID);
                            ^~~~~~~~~
                            ReGpio
../src/main.c:25:28: note: each undeclared identifier is reported only once for each function it appears in
../src/main.c:25:39: error: 'XPAR_AXI_GPIO_ANGLE_DEVICE_ID' undeclared (first use in this function); did you mean 'XPAR_AXI_GPIO_A_DEVICE_ID'?
 status = XGpio_Initialize(&angleGpio, XPAR_AXI_GPIO_ANGLE_DEVICE_ID);
                                       ^~~~~~~~~~~~~~~~~~~~~~~~~~~~~
                                       XPAR_AXI_GPIO_A_DEVICE_ID
../src/main.c:31:36: error: 'XPAR_AXI_GPIO_SIN_DEVICE_ID' undeclared (first use in this function); did you mean 'XPAR_AXI_GPIO_IM_DEVICE_ID'?
 status = XGpio_Initialize(&ReGpio, XPAR_AXI_GPIO_SIN_DEVICE_ID);
                                    ^~~~~~~~~~~~~~~~~~~~~~~~~~~
                                    XPAR_AXI_GPIO_IM_DEVICE_ID
../src/main.c:35:25: error: 'sinGpio' undeclared (first use in this function); did you mean 'ImGpio'?
 XGpio_SetDataDirection(&sinGpio, CHANNEL, 0x000);
                         ^~~~~~~
                         ImGpio
../src/main.c:37:28: error: 'cosGpio' undeclared (first use in this function); did you mean 'sinGpio'?
 status = XGpio_Initialize(&cosGpio, XPAR_AXI_GPIO_COS_DEVICE_ID);
                            ^~~~~~~
                            sinGpio
../src/main.c:37:37: error: 'XPAR_AXI_GPIO_COS_DEVICE_ID' undeclared (first use in this function); did you mean 'XPAR_AXI_GPIO_C_DEVICE_ID'?
 status = XGpio_Initialize(&cosGpio, XPAR_AXI_GPIO_COS_DEVICE_ID);
                                     ^~~~~~~~~~~~~~~~~~~~~~~~~~~
                                     XPAR_AXI_GPIO_C_DEVICE_ID
../src/main.c:49:1: warning: implicit declaration of function 'CORDIC_IP_mWriteReg'; did you mean 'SIGNAL_IP_mWriteReg'? [-Wimplicit-function-declaration]
 CORDIC_IP_mWriteReg(SIGNAL_BASE_ADDR, A_REG_OFFSET, data);
 ^~~~~~~~~~~~~~~~~~~
 SIGNAL_IP_mWriteReg
../src/main.c:7:26: error: 'XPAR_SIGNAL_IP_0_S00_AXI_BASEADDR' undeclared (first use in this function); did you mean 'XPAR_AXI_GPIO_A_BASEADDR'?
 #define SIGNAL_BASE_ADDR XPAR_SIGNAL_IP_0_S00_AXI_BASEADDR
                          ^
../src/main.c:7:26: note: in definition of macro 'SIGNAL_BASE_ADDR'
 #define SIGNAL_BASE_ADDR XPAR_SIGNAL_IP_0_S00_AXI_BASEADDR
                          ^~~~~~~~~~~~~~~~~~~~~~~~~~~~~~~~~
../src/main.c:55:9: warning: implicit declaration of function 'CORDIC_IP_mReadReg'; did you mean 'SIGNAL_IP_mReadReg'? [-Wimplicit-function-declaration]
 while( (CORDIC_IP_mReadReg(CORDIC_BASE_ADDR, STATUS_REG_OFFSET) & 0x01) == 0);
         ^~~~~~~~~~~~~~~~~~
         SIGNAL_IP_mReadReg
../src/main.c:55:28: error: 'CORDIC_BASE_ADDR' undeclared (first use in this function); did you mean 'SIGNAL_BASE_ADDR'?
 while( (CORDIC_IP_mReadReg(CORDIC_BASE_ADDR, STATUS_REG_OFFSET) & 0x01) == 0);
                            ^~~~~~~~~~~~~~~~
                            SIGNAL_BASE_ADDR
../src/main.c:59:1: error: 'Re' undeclared (first use in this function)
 Re = RESULT_REG_SIN( result );
 ^~
../src/main.c:59:6: warning: implicit declaration of function 'RESULT_REG_SIN'; did you mean 'RESULT_REG_IM'? [-Wimplicit-function-declaration]
 Re = RESULT_REG_SIN( result );
      ^~~~~~~~~~~~~~
      RESULT_REG_IM
../src/main.c:60:1: error: 'Im' undeclared (first use in this function)
 Im = RESULT_REG_COS( result );
 ^~
../src/main.c:60:6: warning: implicit declaration of function 'RESULT_REG_COS'; did you mean 'RESULT_REG_IM'? [-Wimplicit-function-declaration]
 Im = RESULT_REG_COS( result );
      ^~~~~~~~~~~~~~
      RESULT_REG_IM
../src/main.c:23:18: warning: unused variable 'cos' [-Wunused-variable]
 u32 result, sin, cos;
                  ^~~
../src/main.c:23:13: warning: unused variable 'sin' [-Wunused-variable]
 u32 result, sin, cos;
             ^~~
make: *** [src/subdir.mk:23: src/main.o] Error 1
21:46:54 **** Auto Build of configuration Debug for project signal_test ****
make all 
'Building file: ../src/main.c'
'Invoking: MicroBlaze gcc compiler'
mb-gcc -Wall -O0 -g3 -c -fmessage-length=0 -MT"src/main.o" -I../../signal_test_bsp/microblaze_0/include -mlittle-endian -mcpu=v11.0 -mxl-soft-mul -Wl,--no-relax -ffunction-sections -fdata-sections -MMD -MP -MF"src/main.d" -MT"src/main.o" -o "src/main.o" "../src/main.c"
../src/main.c: In function 'main':
../src/main.c:25:28: error: 'angleGpio' undeclared (first use in this function); did you mean 'ReGpio'?
 status = XGpio_Initialize(&angleGpio, XPAR_AXI_GPIO_A_DEVICE_ID);
                            ^~~~~~~~~
                            ReGpio
../src/main.c:25:28: note: each undeclared identifier is reported only once for each function it appears in
../src/main.c:31:36: error: 'XPAR_AXI_GPIO_Re_DEVICE_ID' undeclared (first use in this function); did you mean 'XPAR_AXI_GPIO_RE_DEVICE_ID'?
 status = XGpio_Initialize(&ReGpio, XPAR_AXI_GPIO_Re_DEVICE_ID);
                                    ^~~~~~~~~~~~~~~~~~~~~~~~~~
                                    XPAR_AXI_GPIO_RE_DEVICE_ID
../src/main.c:35:25: error: 'sinGpio' undeclared (first use in this function); did you mean 'ImGpio'?
 XGpio_SetDataDirection(&sinGpio, CHANNEL, 0x000);
                         ^~~~~~~
                         ImGpio
../src/main.c:37:28: error: 'cosGpio' undeclared (first use in this function); did you mean 'sinGpio'?
 status = XGpio_Initialize(&cosGpio, XPAR_AXI_GPIO_COS_DEVICE_ID);
                            ^~~~~~~
                            sinGpio
../src/main.c:37:37: error: 'XPAR_AXI_GPIO_COS_DEVICE_ID' undeclared (first use in this function); did you mean 'XPAR_AXI_GPIO_C_DEVICE_ID'?
 status = XGpio_Initialize(&cosGpio, XPAR_AXI_GPIO_COS_DEVICE_ID);
                                     ^~~~~~~~~~~~~~~~~~~~~~~~~~~
                                     XPAR_AXI_GPIO_C_DEVICE_ID
../src/main.c:49:1: warning: implicit declaration of function 'CORDIC_IP_mWriteReg'; did you mean 'SIGNAL_IP_mWriteReg'? [-Wimplicit-function-declaration]
 CORDIC_IP_mWriteReg(SIGNAL_BASE_ADDR, A_REG_OFFSET, data);
 ^~~~~~~~~~~~~~~~~~~
 SIGNAL_IP_mWriteReg
../src/main.c:7:26: error: 'XPAR_SIGNAL_IP_0_S00_AXI_BASEADDR' undeclared (first use in this function); did you mean 'XPAR_AXI_GPIO_A_BASEADDR'?
 #define SIGNAL_BASE_ADDR XPAR_SIGNAL_IP_0_S00_AXI_BASEADDR
                          ^
../src/main.c:7:26: note: in definition of macro 'SIGNAL_BASE_ADDR'
 #define SIGNAL_BASE_ADDR XPAR_SIGNAL_IP_0_S00_AXI_BASEADDR
                          ^~~~~~~~~~~~~~~~~~~~~~~~~~~~~~~~~
../src/main.c:55:9: warning: implicit declaration of function 'CORDIC_IP_mReadReg'; did you mean 'SIGNAL_IP_mReadReg'? [-Wimplicit-function-declaration]
 while( (CORDIC_IP_mReadReg(CORDIC_BASE_ADDR, STATUS_REG_OFFSET) & 0x01) == 0);
         ^~~~~~~~~~~~~~~~~~
         SIGNAL_IP_mReadReg
../src/main.c:55:28: error: 'CORDIC_BASE_ADDR' undeclared (first use in this function); did you mean 'SIGNAL_BASE_ADDR'?
 while( (CORDIC_IP_mReadReg(CORDIC_BASE_ADDR, STATUS_REG_OFFSET) & 0x01) == 0);
                            ^~~~~~~~~~~~~~~~
                            SIGNAL_BASE_ADDR
../src/main.c:59:1: error: 'Re' undeclared (first use in this function)
 Re = RESULT_REG_SIN( result );
 ^~
../src/main.c:59:6: warning: implicit declaration of function 'RESULT_REG_SIN'; did you mean 'RESULT_REG_IM'? [-Wimplicit-function-declaration]
 Re = RESULT_REG_SIN( result );
      ^~~~~~~~~~~~~~
      RESULT_REG_IM
../src/main.c:60:1: error: 'Im' undeclared (first use in this function)
 Im = RESULT_REG_COS( result );
 ^~
../src/main.c:60:6: warning: implicit declaration of function 'RESULT_REG_COS'; did you mean 'RESULT_REG_IM'? [-Wimplicit-function-declaration]
 Im = RESULT_REG_COS( result );
      ^~~~~~~~~~~~~~
      RESULT_REG_IM
../src/main.c:23:18: warning: unused variable 'cos' [-Wunused-variable]
 u32 result, sin, cos;
                  ^~~
../src/main.c:23:13: warning: unused variable 'sin' [-Wunused-variable]
 u32 result, sin, cos;
             ^~~
make: *** [src/subdir.mk:23: src/main.o] Error 1
21:47:08 **** Auto Build of configuration Debug for project signal_test ****
make all 
'Building file: ../src/main.c'
'Invoking: MicroBlaze gcc compiler'
mb-gcc -Wall -O0 -g3 -c -fmessage-length=0 -MT"src/main.o" -I../../signal_test_bsp/microblaze_0/include -mlittle-endian -mcpu=v11.0 -mxl-soft-mul -Wl,--no-relax -ffunction-sections -fdata-sections -MMD -MP -MF"src/main.d" -MT"src/main.o" -o "src/main.o" "../src/main.c"
../src/main.c: In function 'main':
../src/main.c:25:28: error: 'angleGpio' undeclared (first use in this function); did you mean 'ReGpio'?
 status = XGpio_Initialize(&angleGpio, XPAR_AXI_GPIO_A_DEVICE_ID);
                            ^~~~~~~~~
                            ReGpio
../src/main.c:25:28: note: each undeclared identifier is reported only once for each function it appears in
../src/main.c:35:25: error: 'sinGpio' undeclared (first use in this function); did you mean 'ImGpio'?
 XGpio_SetDataDirection(&sinGpio, CHANNEL, 0x000);
                         ^~~~~~~
                         ImGpio
../src/main.c:37:28: error: 'cosGpio' undeclared (first use in this function); did you mean 'sinGpio'?
 status = XGpio_Initialize(&cosGpio, XPAR_AXI_GPIO_COS_DEVICE_ID);
                            ^~~~~~~
                            sinGpio
../src/main.c:37:37: error: 'XPAR_AXI_GPIO_COS_DEVICE_ID' undeclared (first use in this function); did you mean 'XPAR_AXI_GPIO_C_DEVICE_ID'?
 status = XGpio_Initialize(&cosGpio, XPAR_AXI_GPIO_COS_DEVICE_ID);
                                     ^~~~~~~~~~~~~~~~~~~~~~~~~~~
                                     XPAR_AXI_GPIO_C_DEVICE_ID
../src/main.c:49:1: warning: implicit declaration of function 'CORDIC_IP_mWriteReg'; did you mean 'SIGNAL_IP_mWriteReg'? [-Wimplicit-function-declaration]
 CORDIC_IP_mWriteReg(SIGNAL_BASE_ADDR, A_REG_OFFSET, data);
 ^~~~~~~~~~~~~~~~~~~
 SIGNAL_IP_mWriteReg
../src/main.c:7:26: error: 'XPAR_SIGNAL_IP_0_S00_AXI_BASEADDR' undeclared (first use in this function); did you mean 'XPAR_AXI_GPIO_A_BASEADDR'?
 #define SIGNAL_BASE_ADDR XPAR_SIGNAL_IP_0_S00_AXI_BASEADDR
                          ^
../src/main.c:7:26: note: in definition of macro 'SIGNAL_BASE_ADDR'
 #define SIGNAL_BASE_ADDR XPAR_SIGNAL_IP_0_S00_AXI_BASEADDR
                          ^~~~~~~~~~~~~~~~~~~~~~~~~~~~~~~~~
../src/main.c:55:9: warning: implicit declaration of function 'CORDIC_IP_mReadReg'; did you mean 'SIGNAL_IP_mReadReg'? [-Wimplicit-function-declaration]
 while( (CORDIC_IP_mReadReg(CORDIC_BASE_ADDR, STATUS_REG_OFFSET) & 0x01) == 0);
         ^~~~~~~~~~~~~~~~~~
         SIGNAL_IP_mReadReg
../src/main.c:55:28: error: 'CORDIC_BASE_ADDR' undeclared (first use in this function); did you mean 'SIGNAL_BASE_ADDR'?
 while( (CORDIC_IP_mReadReg(CORDIC_BASE_ADDR, STATUS_REG_OFFSET) & 0x01) == 0);
                            ^~~~~~~~~~~~~~~~
                            SIGNAL_BASE_ADDR
../src/main.c:59:1: error: 'Re' undeclared (first use in this function)
 Re = RESULT_REG_SIN( result );
 ^~
../src/main.c:59:6: warning: implicit declaration of function 'RESULT_REG_SIN'; did you mean 'RESULT_REG_IM'? [-Wimplicit-function-declaration]
 Re = RESULT_REG_SIN( result );
      ^~~~~~~~~~~~~~
      RESULT_REG_IM
../src/main.c:60:1: error: 'Im' undeclared (first use in this function)
 Im = RESULT_REG_COS( result );
 ^~
../src/main.c:60:6: warning: implicit declaration of function 'RESULT_REG_COS'; did you mean 'RESULT_REG_IM'? [-Wimplicit-function-declaration]
 Im = RESULT_REG_COS( result );
      ^~~~~~~~~~~~~~
      RESULT_REG_IM
../src/main.c:23:18: warning: unused variable 'cos' [-Wunused-variable]
 u32 result, sin, cos;
                  ^~~
../src/main.c:23:13: warning: unused variable 'sin' [-Wunused-variable]
 u32 result, sin, cos;
             ^~~
make: *** [src/subdir.mk:23: src/main.o] Error 1
21:47:23 **** Auto Build of configuration Debug for project signal_test ****
make all 
'Building file: ../src/main.c'
'Invoking: MicroBlaze gcc compiler'
mb-gcc -Wall -O0 -g3 -c -fmessage-length=0 -MT"src/main.o" -I../../signal_test_bsp/microblaze_0/include -mlittle-endian -mcpu=v11.0 -mxl-soft-mul -Wl,--no-relax -ffunction-sections -fdata-sections -MMD -MP -MF"src/main.d" -MT"src/main.o" -o "src/main.o" "../src/main.c"
../src/main.c: In function 'main':
../src/main.c:25:28: error: 'angleGpio' undeclared (first use in this function); did you mean 'ReGpio'?
 status = XGpio_Initialize(&angleGpio, XPAR_AXI_GPIO_A_DEVICE_ID);
                            ^~~~~~~~~
                            ReGpio
../src/main.c:25:28: note: each undeclared identifier is reported only once for each function it appears in
../src/main.c:49:1: warning: implicit declaration of function 'CORDIC_IP_mWriteReg'; did you mean 'SIGNAL_IP_mWriteReg'? [-Wimplicit-function-declaration]
 CORDIC_IP_mWriteReg(SIGNAL_BASE_ADDR, A_REG_OFFSET, data);
 ^~~~~~~~~~~~~~~~~~~
 SIGNAL_IP_mWriteReg
../src/main.c:7:26: error: 'XPAR_SIGNAL_IP_0_S00_AXI_BASEADDR' undeclared (first use in this function); did you mean 'XPAR_AXI_GPIO_A_BASEADDR'?
 #define SIGNAL_BASE_ADDR XPAR_SIGNAL_IP_0_S00_AXI_BASEADDR
                          ^
../src/main.c:7:26: note: in definition of macro 'SIGNAL_BASE_ADDR'
 #define SIGNAL_BASE_ADDR XPAR_SIGNAL_IP_0_S00_AXI_BASEADDR
                          ^~~~~~~~~~~~~~~~~~~~~~~~~~~~~~~~~
../src/main.c:55:9: warning: implicit declaration of function 'CORDIC_IP_mReadReg'; did you mean 'SIGNAL_IP_mReadReg'? [-Wimplicit-function-declaration]
 while( (CORDIC_IP_mReadReg(CORDIC_BASE_ADDR, STATUS_REG_OFFSET) & 0x01) == 0);
         ^~~~~~~~~~~~~~~~~~
         SIGNAL_IP_mReadReg
../src/main.c:55:28: error: 'CORDIC_BASE_ADDR' undeclared (first use in this function); did you mean 'SIGNAL_BASE_ADDR'?
 while( (CORDIC_IP_mReadReg(CORDIC_BASE_ADDR, STATUS_REG_OFFSET) & 0x01) == 0);
                            ^~~~~~~~~~~~~~~~
                            SIGNAL_BASE_ADDR
../src/main.c:59:1: error: 'Re' undeclared (first use in this function)
 Re = RESULT_REG_SIN( result );
 ^~
../src/main.c:59:6: warning: implicit declaration of function 'RESULT_REG_SIN'; did you mean 'RESULT_REG_IM'? [-Wimplicit-function-declaration]
 Re = RESULT_REG_SIN( result );
      ^~~~~~~~~~~~~~
      RESULT_REG_IM
../src/main.c:60:1: error: 'Im' undeclared (first use in this function)
 Im = RESULT_REG_COS( result );
 ^~
../src/main.c:60:6: warning: implicit declaration of function 'RESULT_REG_COS'; did you mean 'RESULT_REG_IM'? [-Wimplicit-function-declaration]
 Im = RESULT_REG_COS( result );
      ^~~~~~~~~~~~~~
      RESULT_REG_IM
../src/main.c:23:18: warning: unused variable 'cos' [-Wunused-variable]
 u32 result, sin, cos;
                  ^~~
../src/main.c:23:13: warning: unused variable 'sin' [-Wunused-variable]
 u32 result, sin, cos;
             ^~~
make: *** [src/subdir.mk:23: src/main.o] Error 1
21:47:30 **** Auto Build of configuration Debug for project signal_test ****
make all 
'Building file: ../src/main.c'
'Invoking: MicroBlaze gcc compiler'
mb-gcc -Wall -O0 -g3 -c -fmessage-length=0 -MT"src/main.o" -I../../signal_test_bsp/microblaze_0/include -mlittle-endian -mcpu=v11.0 -mxl-soft-mul -Wl,--no-relax -ffunction-sections -fdata-sections -MMD -MP -MF"src/main.d" -MT"src/main.o" -o "src/main.o" "../src/main.c"
../src/main.c: In function 'main':
../src/main.c:29:25: error: 'angleGpio' undeclared (first use in this function); did you mean 'ReGpio'?
 XGpio_SetDataDirection(&angleGpio, CHANNEL, 0xFFF);
                         ^~~~~~~~~
                         ReGpio
../src/main.c:29:25: note: each undeclared identifier is reported only once for each function it appears in
../src/main.c:49:1: warning: implicit declaration of function 'CORDIC_IP_mWriteReg'; did you mean 'SIGNAL_IP_mWriteReg'? [-Wimplicit-function-declaration]
 CORDIC_IP_mWriteReg(SIGNAL_BASE_ADDR, A_REG_OFFSET, data);
 ^~~~~~~~~~~~~~~~~~~
 SIGNAL_IP_mWriteReg
../src/main.c:7:26: error: 'XPAR_SIGNAL_IP_0_S00_AXI_BASEADDR' undeclared (first use in this function); did you mean 'XPAR_AXI_GPIO_A_BASEADDR'?
 #define SIGNAL_BASE_ADDR XPAR_SIGNAL_IP_0_S00_AXI_BASEADDR
                          ^
../src/main.c:7:26: note: in definition of macro 'SIGNAL_BASE_ADDR'
 #define SIGNAL_BASE_ADDR XPAR_SIGNAL_IP_0_S00_AXI_BASEADDR
                          ^~~~~~~~~~~~~~~~~~~~~~~~~~~~~~~~~
../src/main.c:55:9: warning: implicit declaration of function 'CORDIC_IP_mReadReg'; did you mean 'SIGNAL_IP_mReadReg'? [-Wimplicit-function-declaration]
 while( (CORDIC_IP_mReadReg(CORDIC_BASE_ADDR, STATUS_REG_OFFSET) & 0x01) == 0);
         ^~~~~~~~~~~~~~~~~~
         SIGNAL_IP_mReadReg
../src/main.c:55:28: error: 'CORDIC_BASE_ADDR' undeclared (first use in this function); did you mean 'SIGNAL_BASE_ADDR'?
 while( (CORDIC_IP_mReadReg(CORDIC_BASE_ADDR, STATUS_REG_OFFSET) & 0x01) == 0);
                            ^~~~~~~~~~~~~~~~
                            SIGNAL_BASE_ADDR
../src/main.c:59:1: error: 'Re' undeclared (first use in this function)
 Re = RESULT_REG_SIN( result );
 ^~
../src/main.c:59:6: warning: implicit declaration of function 'RESULT_REG_SIN'; did you mean 'RESULT_REG_IM'? [-Wimplicit-function-declaration]
 Re = RESULT_REG_SIN( result );
      ^~~~~~~~~~~~~~
      RESULT_REG_IM
../src/main.c:60:1: error: 'Im' undeclared (first use in this function)
 Im = RESULT_REG_COS( result );
 ^~
../src/main.c:60:6: warning: implicit declaration of function 'RESULT_REG_COS'; did you mean 'RESULT_REG_IM'? [-Wimplicit-function-declaration]
 Im = RESULT_REG_COS( result );
      ^~~~~~~~~~~~~~
      RESULT_REG_IM
../src/main.c:23:18: warning: unused variable 'cos' [-Wunused-variable]
 u32 result, sin, cos;
                  ^~~
../src/main.c:23:13: warning: unused variable 'sin' [-Wunused-variable]
 u32 result, sin, cos;
             ^~~
make: *** [src/subdir.mk:23: src/main.o] Error 1
21:47:38 **** Auto Build of configuration Debug for project signal_test ****
make all 
'Building file: ../src/main.c'
'Invoking: MicroBlaze gcc compiler'
mb-gcc -Wall -O0 -g3 -c -fmessage-length=0 -MT"src/main.o" -I../../signal_test_bsp/microblaze_0/include -mlittle-endian -mcpu=v11.0 -mxl-soft-mul -Wl,--no-relax -ffunction-sections -fdata-sections -MMD -MP -MF"src/main.d" -MT"src/main.o" -o "src/main.o" "../src/main.c"
../src/main.c: In function 'main':
../src/main.c:49:1: warning: implicit declaration of function 'CORDIC_IP_mWriteReg'; did you mean 'SIGNAL_IP_mWriteReg'? [-Wimplicit-function-declaration]
 CORDIC_IP_mWriteReg(SIGNAL_BASE_ADDR, A_REG_OFFSET, data);
 ^~~~~~~~~~~~~~~~~~~
 SIGNAL_IP_mWriteReg
../src/main.c:7:26: error: 'XPAR_SIGNAL_IP_0_S00_AXI_BASEADDR' undeclared (first use in this function); did you mean 'XPAR_AXI_GPIO_A_BASEADDR'?
 #define SIGNAL_BASE_ADDR XPAR_SIGNAL_IP_0_S00_AXI_BASEADDR
                          ^
../src/main.c:7:26: note: in definition of macro 'SIGNAL_BASE_ADDR'
 #define SIGNAL_BASE_ADDR XPAR_SIGNAL_IP_0_S00_AXI_BASEADDR
                          ^~~~~~~~~~~~~~~~~~~~~~~~~~~~~~~~~
../src/main.c:7:26: note: each undeclared identifier is reported only once for each function it appears in
 #define SIGNAL_BASE_ADDR XPAR_SIGNAL_IP_0_S00_AXI_BASEADDR
                          ^
../src/main.c:7:26: note: in definition of macro 'SIGNAL_BASE_ADDR'
 #define SIGNAL_BASE_ADDR XPAR_SIGNAL_IP_0_S00_AXI_BASEADDR
                          ^~~~~~~~~~~~~~~~~~~~~~~~~~~~~~~~~
../src/main.c:55:9: warning: implicit declaration of function 'CORDIC_IP_mReadReg'; did you mean 'SIGNAL_IP_mReadReg'? [-Wimplicit-function-declaration]
 while( (CORDIC_IP_mReadReg(CORDIC_BASE_ADDR, STATUS_REG_OFFSET) & 0x01) == 0);
         ^~~~~~~~~~~~~~~~~~
         SIGNAL_IP_mReadReg
../src/main.c:55:28: error: 'CORDIC_BASE_ADDR' undeclared (first use in this function); did you mean 'SIGNAL_BASE_ADDR'?
 while( (CORDIC_IP_mReadReg(CORDIC_BASE_ADDR, STATUS_REG_OFFSET) & 0x01) == 0);
                            ^~~~~~~~~~~~~~~~
                            SIGNAL_BASE_ADDR
../src/main.c:59:1: error: 'Re' undeclared (first use in this function)
 Re = RESULT_REG_SIN( result );
 ^~
../src/main.c:59:6: warning: implicit declaration of function 'RESULT_REG_SIN'; did you mean 'RESULT_REG_IM'? [-Wimplicit-function-declaration]
 Re = RESULT_REG_SIN( result );
      ^~~~~~~~~~~~~~
      RESULT_REG_IM
../src/main.c:60:1: error: 'Im' undeclared (first use in this function)
 Im = RESULT_REG_COS( result );
 ^~
../src/main.c:60:6: warning: implicit declaration of function 'RESULT_REG_COS'; did you mean 'RESULT_REG_IM'? [-Wimplicit-function-declaration]
 Im = RESULT_REG_COS( result );
      ^~~~~~~~~~~~~~
      RESULT_REG_IM
../src/main.c:23:18: warning: unused variable 'cos' [-Wunused-variable]
 u32 result, sin, cos;
                  ^~~
../src/main.c:23:13: warning: unused variable 'sin' [-Wunused-variable]
 u32 result, sin, cos;
             ^~~
make: *** [src/subdir.mk:23: src/main.o] Error 1
21:47:52 **** Auto Build of configuration Debug for project signal_test ****
make all 
'Building file: ../src/main.c'
'Invoking: MicroBlaze gcc compiler'
mb-gcc -Wall -O0 -g3 -c -fmessage-length=0 -MT"src/main.o" -I../../signal_test_bsp/microblaze_0/include -mlittle-endian -mcpu=v11.0 -mxl-soft-mul -Wl,--no-relax -ffunction-sections -fdata-sections -MMD -MP -MF"src/main.d" -MT"src/main.o" -o "src/main.o" "../src/main.c"
../src/main.c: In function 'main':
../src/main.c:49:1: warning: implicit declaration of function 'CORDIC_IP_mWriteReg'; did you mean 'SIGNAL_IP_mWriteReg'? [-Wimplicit-function-declaration]
 CORDIC_IP_mWriteReg(SIGNAL_BASE_ADDR, A_REG_OFFSET, data);
 ^~~~~~~~~~~~~~~~~~~
 SIGNAL_IP_mWriteReg
../src/main.c:7:26: error: 'XPAR_SIGNAL_IP_0_S00_AXI_BASEADDR' undeclared (first use in this function); did you mean 'XPAR_AXI_GPIO_A_BASEADDR'?
 #define SIGNAL_BASE_ADDR XPAR_SIGNAL_IP_0_S00_AXI_BASEADDR
                          ^
../src/main.c:7:26: note: in definition of macro 'SIGNAL_BASE_ADDR'
 #define SIGNAL_BASE_ADDR XPAR_SIGNAL_IP_0_S00_AXI_BASEADDR
                          ^~~~~~~~~~~~~~~~~~~~~~~~~~~~~~~~~
../src/main.c:7:26: note: each undeclared identifier is reported only once for each function it appears in
 #define SIGNAL_BASE_ADDR XPAR_SIGNAL_IP_0_S00_AXI_BASEADDR
                          ^
../src/main.c:7:26: note: in definition of macro 'SIGNAL_BASE_ADDR'
 #define SIGNAL_BASE_ADDR XPAR_SIGNAL_IP_0_S00_AXI_BASEADDR
                          ^~~~~~~~~~~~~~~~~~~~~~~~~~~~~~~~~
../src/main.c:55:9: warning: implicit declaration of function 'CORDIC_IP_mReadReg'; did you mean 'SIGNAL_IP_mReadReg'? [-Wimplicit-function-declaration]
 while( (CORDIC_IP_mReadReg(SIGNAL_BASE_ADDR, STATUS_REG_OFFSET) & 0x01) == 0);
         ^~~~~~~~~~~~~~~~~~
         SIGNAL_IP_mReadReg
../src/main.c:57:29: error: 'CORDIC_BASE_ADDR' undeclared (first use in this function); did you mean 'SIGNAL_BASE_ADDR'?
 result = CORDIC_IP_mReadReg(CORDIC_BASE_ADDR, RESULT_REG_OFFSET);
                             ^~~~~~~~~~~~~~~~
                             SIGNAL_BASE_ADDR
../src/main.c:59:1: error: 'Re' undeclared (first use in this function)
 Re = RESULT_REG_SIN( result );
 ^~
../src/main.c:59:6: warning: implicit declaration of function 'RESULT_REG_SIN'; did you mean 'RESULT_REG_IM'? [-Wimplicit-function-declaration]
 Re = RESULT_REG_SIN( result );
      ^~~~~~~~~~~~~~
      RESULT_REG_IM
../src/main.c:60:1: error: 'Im' undeclared (first use in this function)
 Im = RESULT_REG_COS( result );
 ^~
../src/main.c:60:6: warning: implicit declaration of function 'RESULT_REG_COS'; did you mean 'RESULT_REG_IM'? [-Wimplicit-function-declaration]
 Im = RESULT_REG_COS( result );
      ^~~~~~~~~~~~~~
      RESULT_REG_IM
../src/main.c:23:18: warning: unused variable 'cos' [-Wunused-variable]
 u32 result, sin, cos;
                  ^~~
../src/main.c:23:13: warning: unused variable 'sin' [-Wunused-variable]
 u32 result, sin, cos;
             ^~~
make: *** [src/subdir.mk:23: src/main.o] Error 1
21:48:21 **** Auto Build of configuration Debug for project signal_test ****
make all 
'Building file: ../src/main.c'
'Invoking: MicroBlaze gcc compiler'
mb-gcc -Wall -O0 -g3 -c -fmessage-length=0 -MT"src/main.o" -I../../signal_test_bsp/microblaze_0/include -mlittle-endian -mcpu=v11.0 -mxl-soft-mul -Wl,--no-relax -ffunction-sections -fdata-sections -MMD -MP -MF"src/main.d" -MT"src/main.o" -o "src/main.o" "../src/main.c"
../src/main.c: In function 'main':
../src/main.c:49:1: warning: implicit declaration of function 'CORDIC_IP_mWriteReg'; did you mean 'SIGNAL_IP_mWriteReg'? [-Wimplicit-function-declaration]
 CORDIC_IP_mWriteReg(SIGNAL_BASE_ADDR, A_REG_OFFSET, data);
 ^~~~~~~~~~~~~~~~~~~
 SIGNAL_IP_mWriteReg
../src/main.c:7:26: error: 'XPAR_SIGNAL_IP_0_S00_AXI_BASEADDR' undeclared (first use in this function); did you mean 'XPAR_AXI_GPIO_A_BASEADDR'?
 #define SIGNAL_BASE_ADDR XPAR_SIGNAL_IP_0_S00_AXI_BASEADDR
                          ^
../src/main.c:7:26: note: in definition of macro 'SIGNAL_BASE_ADDR'
 #define SIGNAL_BASE_ADDR XPAR_SIGNAL_IP_0_S00_AXI_BASEADDR
                          ^~~~~~~~~~~~~~~~~~~~~~~~~~~~~~~~~
../src/main.c:7:26: note: each undeclared identifier is reported only once for each function it appears in
 #define SIGNAL_BASE_ADDR XPAR_SIGNAL_IP_0_S00_AXI_BASEADDR
                          ^
../src/main.c:7:26: note: in definition of macro 'SIGNAL_BASE_ADDR'
 #define SIGNAL_BASE_ADDR XPAR_SIGNAL_IP_0_S00_AXI_BASEADDR
                          ^~~~~~~~~~~~~~~~~~~~~~~~~~~~~~~~~
../src/main.c:59:1: error: 'Re' undeclared (first use in this function)
 Re = RESULT_REG_SIN( result );
 ^~
../src/main.c:59:6: warning: implicit declaration of function 'RESULT_REG_SIN'; did you mean 'RESULT_REG_IM'? [-Wimplicit-function-declaration]
 Re = RESULT_REG_SIN( result );
      ^~~~~~~~~~~~~~
      RESULT_REG_IM
../src/main.c:60:1: error: 'Im' undeclared (first use in this function)
 Im = RESULT_REG_COS( result );
 ^~
../src/main.c:60:6: warning: implicit declaration of function 'RESULT_REG_COS'; did you mean 'RESULT_REG_IM'? [-Wimplicit-function-declaration]
 Im = RESULT_REG_COS( result );
      ^~~~~~~~~~~~~~
      RESULT_REG_IM
../src/main.c:23:18: warning: unused variable 'cos' [-Wunused-variable]
 u32 result, sin, cos;
                  ^~~
../src/main.c:23:13: warning: unused variable 'sin' [-Wunused-variable]
 u32 result, sin, cos;
             ^~~
make: *** [src/subdir.mk:23: src/main.o] Error 1
21:48:28 **** Auto Build of configuration Debug for project signal_test ****
make all 
'Building file: ../src/main.c'
'Invoking: MicroBlaze gcc compiler'
mb-gcc -Wall -O0 -g3 -c -fmessage-length=0 -MT"src/main.o" -I../../signal_test_bsp/microblaze_0/include -mlittle-endian -mcpu=v11.0 -mxl-soft-mul -Wl,--no-relax -ffunction-sections -fdata-sections -MMD -MP -MF"src/main.d" -MT"src/main.o" -o "src/main.o" "../src/main.c"
../src/main.c: In function 'main':
../src/main.c:49:1: warning: implicit declaration of function 'CORDIC_IP_mWriteReg'; did you mean 'SIGNAL_IP_mWriteReg'? [-Wimplicit-function-declaration]
 CORDIC_IP_mWriteReg(SIGNAL_BASE_ADDR, A_REG_OFFSET, data);
 ^~~~~~~~~~~~~~~~~~~
 SIGNAL_IP_mWriteReg
../src/main.c:7:26: error: 'XPAR_SIGNAL_IP_0_S00_AXI_BASEADDR' undeclared (first use in this function); did you mean 'XPAR_AXI_GPIO_A_BASEADDR'?
 #define SIGNAL_BASE_ADDR XPAR_SIGNAL_IP_0_S00_AXI_BASEADDR
                          ^
../src/main.c:7:26: note: in definition of macro 'SIGNAL_BASE_ADDR'
 #define SIGNAL_BASE_ADDR XPAR_SIGNAL_IP_0_S00_AXI_BASEADDR
                          ^~~~~~~~~~~~~~~~~~~~~~~~~~~~~~~~~
../src/main.c:7:26: note: each undeclared identifier is reported only once for each function it appears in
 #define SIGNAL_BASE_ADDR XPAR_SIGNAL_IP_0_S00_AXI_BASEADDR
                          ^
../src/main.c:7:26: note: in definition of macro 'SIGNAL_BASE_ADDR'
 #define SIGNAL_BASE_ADDR XPAR_SIGNAL_IP_0_S00_AXI_BASEADDR
                          ^~~~~~~~~~~~~~~~~~~~~~~~~~~~~~~~~
../src/main.c:59:1: error: 'Re' undeclared (first use in this function)
 Re = RESULT_REG_RE( result );
 ^~
../src/main.c:60:1: error: 'Im' undeclared (first use in this function)
 Im = RESULT_REG_IM( result );
 ^~
../src/main.c:23:18: warning: unused variable 'cos' [-Wunused-variable]
 u32 result, sin, cos;
                  ^~~
../src/main.c:23:13: warning: unused variable 'sin' [-Wunused-variable]
 u32 result, sin, cos;
             ^~~
make: *** [src/subdir.mk:23: src/main.o] Error 1
21:48:47 **** Auto Build of configuration Debug for project signal_test ****
make all 
'Building file: ../src/main.c'
'Invoking: MicroBlaze gcc compiler'
mb-gcc -Wall -O0 -g3 -c -fmessage-length=0 -MT"src/main.o" -I../../signal_test_bsp/microblaze_0/include -mlittle-endian -mcpu=v11.0 -mxl-soft-mul -Wl,--no-relax -ffunction-sections -fdata-sections -MMD -MP -MF"src/main.d" -MT"src/main.o" -o "src/main.o" "../src/main.c"
../src/main.c: In function 'main':
../src/main.c:49:1: warning: implicit declaration of function 'CORDIC_IP_mWriteReg'; did you mean 'SIGNAL_IP_mWriteReg'? [-Wimplicit-function-declaration]
 CORDIC_IP_mWriteReg(SIGNAL_BASE_ADDR, A_REG_OFFSET, data);
 ^~~~~~~~~~~~~~~~~~~
 SIGNAL_IP_mWriteReg
../src/main.c:7:26: error: 'XPAR_SIGNAL_IP_0_S00_AXI_BASEADDR' undeclared (first use in this function); did you mean 'XPAR_AXI_GPIO_A_BASEADDR'?
 #define SIGNAL_BASE_ADDR XPAR_SIGNAL_IP_0_S00_AXI_BASEADDR
                          ^
../src/main.c:7:26: note: in definition of macro 'SIGNAL_BASE_ADDR'
 #define SIGNAL_BASE_ADDR XPAR_SIGNAL_IP_0_S00_AXI_BASEADDR
                          ^~~~~~~~~~~~~~~~~~~~~~~~~~~~~~~~~
../src/main.c:7:26: note: each undeclared identifier is reported only once for each function it appears in
 #define SIGNAL_BASE_ADDR XPAR_SIGNAL_IP_0_S00_AXI_BASEADDR
                          ^
../src/main.c:7:26: note: in definition of macro 'SIGNAL_BASE_ADDR'
 #define SIGNAL_BASE_ADDR XPAR_SIGNAL_IP_0_S00_AXI_BASEADDR
                          ^~~~~~~~~~~~~~~~~~~~~~~~~~~~~~~~~
make: *** [src/subdir.mk:23: src/main.o] Error 1
21:49:01 **** Auto Build of configuration Debug for project signal_test ****
make all 
'Building file: ../src/main.c'
'Invoking: MicroBlaze gcc compiler'
mb-gcc -Wall -O0 -g3 -c -fmessage-length=0 -MT"src/main.o" -I../../signal_test_bsp/microblaze_0/include -mlittle-endian -mcpu=v11.0 -mxl-soft-mul -Wl,--no-relax -ffunction-sections -fdata-sections -MMD -MP -MF"src/main.d" -MT"src/main.o" -o "src/main.o" "../src/main.c"
In file included from ../src/main.c:3:0:
../src/main.c: In function 'main':
../src/main.c:7:26: error: 'XPAR_SIGNAL_IP_0_S00_AXI_BASEADDR' undeclared (first use in this function); did you mean 'XPAR_AXI_GPIO_A_BASEADDR'?
 #define SIGNAL_BASE_ADDR XPAR_SIGNAL_IP_0_S00_AXI_BASEADDR
                          ^
../../signal_test_bsp/microblaze_0/include/signal_ip.h:35:15: note: in definition of macro 'SIGNAL_IP_mWriteReg'
    Xil_Out32((BaseAddress) + (RegOffset), (u32)(Data))
               ^~~~~~~~~~~
../src/main.c:49:21: note: in expansion of macro 'SIGNAL_BASE_ADDR'
 SIGNAL_IP_mWriteReg(SIGNAL_BASE_ADDR, A_REG_OFFSET, data);
                     ^~~~~~~~~~~~~~~~
../src/main.c:7:26: note: each undeclared identifier is reported only once for each function it appears in
 #define SIGNAL_BASE_ADDR XPAR_SIGNAL_IP_0_S00_AXI_BASEADDR
                          ^
../../signal_test_bsp/microblaze_0/include/signal_ip.h:35:15: note: in definition of macro 'SIGNAL_IP_mWriteReg'
    Xil_Out32((BaseAddress) + (RegOffset), (u32)(Data))
               ^~~~~~~~~~~
../src/main.c:49:21: note: in expansion of macro 'SIGNAL_BASE_ADDR'
 SIGNAL_IP_mWriteReg(SIGNAL_BASE_ADDR, A_REG_OFFSET, data);
                     ^~~~~~~~~~~~~~~~
make: *** [src/subdir.mk:23: src/main.o] Error 1
22:02:23 **** Auto Build of configuration Debug for project signal_test ****
make all 
'Building file: ../src/main.c'
'Invoking: MicroBlaze gcc compiler'
mb-gcc -Wall -O0 -g3 -c -fmessage-length=0 -MT"src/main.o" -I../../signal_test_bsp/microblaze_0/include -mlittle-endian -mcpu=v11.0 -mxl-soft-mul -Wl,--no-relax -ffunction-sections -fdata-sections -MMD -MP -MF"src/main.d" -MT"src/main.o" -o "src/main.o" "../src/main.c"
../src/main.c: In function 'main':
../src/main.c:44:1: error: 'data1' undeclared (first use in this function); did you mean 'data'?
 data1 = XGpio_DiscreteRead(&BGpio, CHANNEL);
 ^~~~~
 data
../src/main.c:44:1: note: each undeclared identifier is reported only once for each function it appears in
../src/main.c:45:1: error: 'data2' undeclared (first use in this function); did you mean 'data1'?
 data2 = XGpio_DiscreteRead(&CGpio, CHANNEL);
 ^~~~~
 data1
../src/main.c:46:1: error: 'data3' undeclared (first use in this function); did you mean 'data2'?
 data3 = XGpio_DiscreteRead(&RGpio, CHANNEL);
 ^~~~~
 data2
../src/main.c:49:78: error: macro "SIGNAL_IP_mWriteReg" passed 6 arguments, but takes just 3
 SIGNAL_IP_mWriteReg(SIGNAL_BASE_ADDR, A_REG_OFFSET, data, data1, data2, data3);
                                                                              ^
../src/main.c:49:1: error: 'SIGNAL_IP_mWriteReg' undeclared (first use in this function); did you mean 'SIGNAL_IP_Reg_SelfTest'?
 SIGNAL_IP_mWriteReg(SIGNAL_BASE_ADDR, A_REG_OFFSET, data, data1, data2, data3);
 ^~~~~~~~~~~~~~~~~~~
 SIGNAL_IP_Reg_SelfTest
../src/main.c:22:5: warning: variable 'data' set but not used [-Wunused-but-set-variable]
 u32 data;
     ^~~~
make: *** [src/subdir.mk:23: src/main.o] Error 1
22:02:40 **** Auto Build of configuration Debug for project signal_test ****
make all 
'Building file: ../src/main.c'
'Invoking: MicroBlaze gcc compiler'
mb-gcc -Wall -O0 -g3 -c -fmessage-length=0 -MT"src/main.o" -I../../signal_test_bsp/microblaze_0/include -mlittle-endian -mcpu=v11.0 -mxl-soft-mul -Wl,--no-relax -ffunction-sections -fdata-sections -MMD -MP -MF"src/main.d" -MT"src/main.o" -o "src/main.o" "../src/main.c"
../src/main.c: In function 'main':
../src/main.c:49:78: error: macro "SIGNAL_IP_mWriteReg" passed 6 arguments, but takes just 3
 SIGNAL_IP_mWriteReg(SIGNAL_BASE_ADDR, A_REG_OFFSET, data, data1, data2, data3);
                                                                              ^
../src/main.c:49:1: error: 'SIGNAL_IP_mWriteReg' undeclared (first use in this function); did you mean 'SIGNAL_IP_Reg_SelfTest'?
 SIGNAL_IP_mWriteReg(SIGNAL_BASE_ADDR, A_REG_OFFSET, data, data1, data2, data3);
 ^~~~~~~~~~~~~~~~~~~
 SIGNAL_IP_Reg_SelfTest
../src/main.c:49:1: note: each undeclared identifier is reported only once for each function it appears in
../src/main.c:22:25: warning: variable 'data3' set but not used [-Wunused-but-set-variable]
 u32 data, data1, data2, data3;
                         ^~~~~
../src/main.c:22:18: warning: variable 'data2' set but not used [-Wunused-but-set-variable]
 u32 data, data1, data2, data3;
                  ^~~~~
../src/main.c:22:11: warning: variable 'data1' set but not used [-Wunused-but-set-variable]
 u32 data, data1, data2, data3;
           ^~~~~
../src/main.c:22:5: warning: variable 'data' set but not used [-Wunused-but-set-variable]
 u32 data, data1, data2, data3;
     ^~~~
make: *** [src/subdir.mk:23: src/main.o] Error 1
22:03:12 **** Auto Build of configuration Debug for project signal_test ****
make all 
'Building file: ../src/main.c'
'Invoking: MicroBlaze gcc compiler'
mb-gcc -Wall -O0 -g3 -c -fmessage-length=0 -MT"src/main.o" -I../../signal_test_bsp/microblaze_0/include -mlittle-endian -mcpu=v11.0 -mxl-soft-mul -Wl,--no-relax -ffunction-sections -fdata-sections -MMD -MP -MF"src/main.d" -MT"src/main.o" -o "src/main.o" "../src/main.c"
In file included from ../src/main.c:1:0:
../src/main.c: In function 'main':
../../signal_test_bsp/microblaze_0/include/xparameters.h:553:34: warning: passing argument 1 of 'SIGNAL_IP_Reg_SelfTest' makes pointer from integer without a cast [-Wint-conversion]
 #define XPAR_AXI_GPIO_A_BASEADDR 0x40000000
                                  ^
../src/main.c:7:26: note: in expansion of macro 'XPAR_AXI_GPIO_A_BASEADDR'
 #define SIGNAL_BASE_ADDR XPAR_AXI_GPIO_A_BASEADDR
                          ^~~~~~~~~~~~~~~~~~~~~~~~
../src/main.c:49:24: note: in expansion of macro 'SIGNAL_BASE_ADDR'
 SIGNAL_IP_Reg_SelfTest(SIGNAL_BASE_ADDR, A_REG_OFFSET, data, data1, data2, data3);
                        ^~~~~~~~~~~~~~~~
In file included from ../src/main.c:3:0:
../../signal_test_bsp/microblaze_0/include/signal_ip.h:77:9: note: expected 'void *' but argument is of type 'int'
 XStatus SIGNAL_IP_Reg_SelfTest(void * baseaddr_p);
         ^~~~~~~~~~~~~~~~~~~~~~
../src/main.c:49:1: error: too many arguments to function 'SIGNAL_IP_Reg_SelfTest'
 SIGNAL_IP_Reg_SelfTest(SIGNAL_BASE_ADDR, A_REG_OFFSET, data, data1, data2, data3);
 ^~~~~~~~~~~~~~~~~~~~~~
In file included from ../src/main.c:3:0:
../../signal_test_bsp/microblaze_0/include/signal_ip.h:77:9: note: declared here
 XStatus SIGNAL_IP_Reg_SelfTest(void * baseaddr_p);
         ^~~~~~~~~~~~~~~~~~~~~~
make: *** [src/subdir.mk:23: src/main.o] Error 1
22:03:21 **** Auto Build of configuration Debug for project signal_test ****
make all 
'Building file: ../src/main.c'
'Invoking: MicroBlaze gcc compiler'
mb-gcc -Wall -O0 -g3 -c -fmessage-length=0 -MT"src/main.o" -I../../signal_test_bsp/microblaze_0/include -mlittle-endian -mcpu=v11.0 -mxl-soft-mul -Wl,--no-relax -ffunction-sections -fdata-sections -MMD -MP -MF"src/main.d" -MT"src/main.o" -o "src/main.o" "../src/main.c"
../src/main.c: In function 'main':
../src/main.c:49:78: error: macro "SIGNAL_IP_mWriteReg" passed 6 arguments, but takes just 3
 SIGNAL_IP_mWriteReg(SIGNAL_BASE_ADDR, A_REG_OFFSET, data, data1, data2, data3);
                                                                              ^
../src/main.c:49:1: error: 'SIGNAL_IP_mWriteReg' undeclared (first use in this function); did you mean 'SIGNAL_IP_Reg_SelfTest'?
 SIGNAL_IP_mWriteReg(SIGNAL_BASE_ADDR, A_REG_OFFSET, data, data1, data2, data3);
 ^~~~~~~~~~~~~~~~~~~
 SIGNAL_IP_Reg_SelfTest
../src/main.c:49:1: note: each undeclared identifier is reported only once for each function it appears in
../src/main.c:22:25: warning: variable 'data3' set but not used [-Wunused-but-set-variable]
 u32 data, data1, data2, data3;
                         ^~~~~
../src/main.c:22:18: warning: variable 'data2' set but not used [-Wunused-but-set-variable]
 u32 data, data1, data2, data3;
                  ^~~~~
../src/main.c:22:11: warning: variable 'data1' set but not used [-Wunused-but-set-variable]
 u32 data, data1, data2, data3;
           ^~~~~
../src/main.c:22:5: warning: variable 'data' set but not used [-Wunused-but-set-variable]
 u32 data, data1, data2, data3;
     ^~~~
make: *** [src/subdir.mk:23: src/main.o] Error 1
22:10:20 **** Auto Build of configuration Debug for project signal_test ****
make all 
'Building file: ../src/main.c'
'Invoking: MicroBlaze gcc compiler'
mb-gcc -Wall -O0 -g3 -c -fmessage-length=0 -MT"src/main.o" -I../../signal_test_bsp/microblaze_0/include -mlittle-endian -mcpu=v11.0 -mxl-soft-mul -Wl,--no-relax -ffunction-sections -fdata-sections -MMD -MP -MF"src/main.d" -MT"src/main.o" -o "src/main.o" "../src/main.c"
../src/main.c: In function 'main':
../src/main.c:22:25: warning: variable 'data3' set but not used [-Wunused-but-set-variable]
 u32 data, data1, data2, data3;
                         ^~~~~
../src/main.c:22:18: warning: variable 'data2' set but not used [-Wunused-but-set-variable]
 u32 data, data1, data2, data3;
                  ^~~~~
../src/main.c:22:11: warning: variable 'data1' set but not used [-Wunused-but-set-variable]
 u32 data, data1, data2, data3;
           ^~~~~
'Finished building: ../src/main.c'
' '
'Building target: signal_test.elf'
'Invoking: MicroBlaze gcc linker'
mb-gcc -Wl,-T -Wl,../src/lscript.ld -L../../signal_test_bsp/microblaze_0/lib -mlittle-endian -mcpu=v11.0 -mxl-soft-mul -Wl,--no-relax -Wl,--gc-sections -o "signal_test.elf"  ./src/main.o   -Wl,--start-group,-lxil,-lgcc,-lc,--end-group
'Finished building target: signal_test.elf'
' '
'Invoking: MicroBlaze Print Size'
mb-size signal_test.elf  |tee "signal_test.elf.size"
   text	   data	    bss	    dec	    hex	filename
   3796	    368	   3116	   7280	   1c70	signal_test.elf
'Finished building: signal_test.elf.size'
' '
22:10:47 **** Auto Build of configuration Debug for project signal_test ****
make all 
'Building file: ../src/main.c'
'Invoking: MicroBlaze gcc compiler'
mb-gcc -Wall -O0 -g3 -c -fmessage-length=0 -MT"src/main.o" -I../../signal_test_bsp/microblaze_0/include -mlittle-endian -mcpu=v11.0 -mxl-soft-mul -Wl,--no-relax -ffunction-sections -fdata-sections -MMD -MP -MF"src/main.d" -MT"src/main.o" -o "src/main.o" "../src/main.c"
In file included from ../src/main.c:3:0:
../src/main.c: In function 'main':
../src/main.c:13:22: error: 'CORDIC_IP_S00_AXI_SLV_REG4_OFFSET' undeclared (first use in this function); did you mean 'SIGNAL_IP_S00_AXI_SLV_REG0_OFFSET'?
 #define B_REG_OFFSET CORDIC_IP_S00_AXI_SLV_REG4_OFFSET
                      ^
../../signal_test_bsp/microblaze_0/include/signal_ip.h:35:31: note: in definition of macro 'SIGNAL_IP_mWriteReg'
    Xil_Out32((BaseAddress) + (RegOffset), (u32)(Data))
                               ^~~~~~~~~
../src/main.c:50:39: note: in expansion of macro 'B_REG_OFFSET'
 SIGNAL_IP_mWriteReg(SIGNAL_BASE_ADDR, B_REG_OFFSET, data1);
                                       ^~~~~~~~~~~~
../src/main.c:13:22: note: each undeclared identifier is reported only once for each function it appears in
 #define B_REG_OFFSET CORDIC_IP_S00_AXI_SLV_REG4_OFFSET
                      ^
../../signal_test_bsp/microblaze_0/include/signal_ip.h:35:31: note: in definition of macro 'SIGNAL_IP_mWriteReg'
    Xil_Out32((BaseAddress) + (RegOffset), (u32)(Data))
                               ^~~~~~~~~
../src/main.c:50:39: note: in expansion of macro 'B_REG_OFFSET'
 SIGNAL_IP_mWriteReg(SIGNAL_BASE_ADDR, B_REG_OFFSET, data1);
                                       ^~~~~~~~~~~~
../src/main.c:14:22: error: 'CORDIC_IP_S00_AXI_SLV_REG5_OFFSET' undeclared (first use in this function); did you mean 'CORDIC_IP_S00_AXI_SLV_REG4_OFFSET'?
 #define C_REG_OFFSET CORDIC_IP_S00_AXI_SLV_REG5_OFFSET
                      ^
../../signal_test_bsp/microblaze_0/include/signal_ip.h:35:31: note: in definition of macro 'SIGNAL_IP_mWriteReg'
    Xil_Out32((BaseAddress) + (RegOffset), (u32)(Data))
                               ^~~~~~~~~
../src/main.c:51:39: note: in expansion of macro 'C_REG_OFFSET'
 SIGNAL_IP_mWriteReg(SIGNAL_BASE_ADDR, C_REG_OFFSET, data2);
                                       ^~~~~~~~~~~~
../src/main.c:15:22: error: 'CORDIC_IP_S00_AXI_SLV_REG6_OFFSET' undeclared (first use in this function); did you mean 'CORDIC_IP_S00_AXI_SLV_REG5_OFFSET'?
 #define R_REG_OFFSET CORDIC_IP_S00_AXI_SLV_REG6_OFFSET
                      ^
../../signal_test_bsp/microblaze_0/include/signal_ip.h:35:31: note: in definition of macro 'SIGNAL_IP_mWriteReg'
    Xil_Out32((BaseAddress) + (RegOffset), (u32)(Data))
                               ^~~~~~~~~
../src/main.c:52:39: note: in expansion of macro 'R_REG_OFFSET'
 SIGNAL_IP_mWriteReg(SIGNAL_BASE_ADDR, R_REG_OFFSET, data3);
                                       ^~~~~~~~~~~~
make: *** [src/subdir.mk:23: src/main.o] Error 1
22:11:14 **** Auto Build of configuration Debug for project signal_test ****
make all 
'Building file: ../src/main.c'
'Invoking: MicroBlaze gcc compiler'
mb-gcc -Wall -O0 -g3 -c -fmessage-length=0 -MT"src/main.o" -I../../signal_test_bsp/microblaze_0/include -mlittle-endian -mcpu=v11.0 -mxl-soft-mul -Wl,--no-relax -ffunction-sections -fdata-sections -MMD -MP -MF"src/main.d" -MT"src/main.o" -o "src/main.o" "../src/main.c"
[...]
In file included from ../src/main.c:8:0:
../src/main.c: In function 'main':
../src/main.c:67:41: error: 'INFO_REG' undeclared (first use in this function)
 SIGNAL_IP_mWriteReg(SIGNAL_BASE_ADDR_A, INFO_REG, NUBMERS_BITS | 2); // PRCOESS 1
                                         ^
../../signal_test_bsp/microblaze_0/include/signal_ip.h:38:31: note: in definition of macro 'SIGNAL_IP_mWriteReg'
    Xil_Out32((BaseAddress) + (RegOffset), (u32)(Data))
                               ^~~~~~~~~
../src/main.c:67:41: note: each undeclared identifier is reported only once for each function it appears in
 SIGNAL_IP_mWriteReg(SIGNAL_BASE_ADDR_A, INFO_REG, NUBMERS_BITS | 2); // PRCOESS 1
                                         ^
../../signal_test_bsp/microblaze_0/include/signal_ip.h:38:31: note: in definition of macro 'SIGNAL_IP_mWriteReg'
    Xil_Out32((BaseAddress) + (RegOffset), (u32)(Data))
                               ^~~~~~~~~
../src/main.c:27:22: error: 'number_of_numbers' undeclared (first use in this function)
 #define NUBMERS_BITS number_of_numbers << OFFSET_NUMB | numberOfBits << OFFSET_BITS
                      ^
../../signal_test_bsp/microblaze_0/include/signal_ip.h:38:49: note: in definition of macro 'SIGNAL_IP_mWriteReg'
    Xil_Out32((BaseAddress) + (RegOffset), (u32)(Data))
                                                 ^~~~
../src/main.c:67:51: note: in expansion of macro 'NUBMERS_BITS'
 SIGNAL_IP_mWriteReg(SIGNAL_BASE_ADDR_A, INFO_REG, NUBMERS_BITS | 2); // PRCOESS 1
                                                   ^~~~~~~~~~~~
../src/main.c:27:43: error: 'OFFSET_NUMB' undeclared (first use in this function)
 #define NUBMERS_BITS number_of_numbers << OFFSET_NUMB | numberOfBits << OFFSET_BITS
                                           ^
../../signal_test_bsp/microblaze_0/include/signal_ip.h:38:49: note: in definition of macro 'SIGNAL_IP_mWriteReg'
    Xil_Out32((BaseAddress) + (RegOffset), (u32)(Data))
                                                 ^~~~
../src/main.c:67:51: note: in expansion of macro 'NUBMERS_BITS'
 SIGNAL_IP_mWriteReg(SIGNAL_BASE_ADDR_A, INFO_REG, NUBMERS_BITS | 2); // PRCOESS 1
                                                   ^~~~~~~~~~~~
../src/main.c:27:57: error: 'numberOfBits' undeclared (first use in this function)
 #define NUBMERS_BITS number_of_numbers << OFFSET_NUMB | numberOfBits << OFFSET_BITS
                                                         ^
../../signal_test_bsp/microblaze_0/include/signal_ip.h:38:49: note: in definition of macro 'SIGNAL_IP_mWriteReg'
    Xil_Out32((BaseAddress) + (RegOffset), (u32)(Data))
                                                 ^~~~
../src/main.c:67:51: note: in expansion of macro 'NUBMERS_BITS'
 SIGNAL_IP_mWriteReg(SIGNAL_BASE_ADDR_A, INFO_REG, NUBMERS_BITS | 2); // PRCOESS 1
                                                   ^~~~~~~~~~~~
../src/main.c:27:73: error: 'OFFSET_BITS' undeclared (first use in this function); did you mean 'OFFSET_NUMB'?
 #define NUBMERS_BITS number_of_numbers << OFFSET_NUMB | numberOfBits << OFFSET_BITS
                                                                         ^
../../signal_test_bsp/microblaze_0/include/signal_ip.h:38:49: note: in definition of macro 'SIGNAL_IP_mWriteReg'
    Xil_Out32((BaseAddress) + (RegOffset), (u32)(Data))
                                                 ^~~~
../src/main.c:67:51: note: in expansion of macro 'NUBMERS_BITS'
 SIGNAL_IP_mWriteReg(SIGNAL_BASE_ADDR_A, INFO_REG, NUBMERS_BITS | 2); // PRCOESS 1
                                                   ^~~~~~~~~~~~
make: *** [src/subdir.mk:26: src/main.o] Error 1
23:12:16 **** Auto Build of configuration Debug for project signal_test ****
make all 
'Building file: ../src/main.c'
'Invoking: MicroBlaze gcc compiler'
mb-gcc -Wall -O0 -g3 -c -fmessage-length=0 -MT"src/main.o" -I../../signal_test_bsp/microblaze_0/include -mlittle-endian -mcpu=v11.0 -mxl-soft-mul -Wl,--no-relax -ffunction-sections -fdata-sections -MMD -MP -MF"src/main.d" -MT"src/main.o" -o "src/main.o" "../src/main.c"
In file included from ../src/main.c:8:0:
../src/main.c: In function 'main':
../src/main.c:71:41: error: 'INFO_REG' undeclared (first use in this function)
 SIGNAL_IP_mWriteReg(SIGNAL_BASE_ADDR_A, INFO_REG, NUBMERS_BITS | 2); // PRCOESS 1
                                         ^
../../signal_test_bsp/microblaze_0/include/signal_ip.h:38:31: note: in definition of macro 'SIGNAL_IP_mWriteReg'
    Xil_Out32((BaseAddress) + (RegOffset), (u32)(Data))
                               ^~~~~~~~~
../src/main.c:71:41: note: each undeclared identifier is reported only once for each function it appears in
 SIGNAL_IP_mWriteReg(SIGNAL_BASE_ADDR_A, INFO_REG, NUBMERS_BITS | 2); // PRCOESS 1
                                         ^
../../signal_test_bsp/microblaze_0/include/signal_ip.h:38:31: note: in definition of macro 'SIGNAL_IP_mWriteReg'
    Xil_Out32((BaseAddress) + (RegOffset), (u32)(Data))
                               ^~~~~~~~~
../src/main.c:31:22: error: 'number_of_numbers' undeclared (first use in this function)
 #define NUBMERS_BITS number_of_numbers << OFFSET_NUMB | numberOfBits << OFFSET_BITS
                      ^
../../signal_test_bsp/microblaze_0/include/signal_ip.h:38:49: note: in definition of macro 'SIGNAL_IP_mWriteReg'
    Xil_Out32((BaseAddress) + (RegOffset), (u32)(Data))
                                                 ^~~~
../src/main.c:71:51: note: in expansion of macro 'NUBMERS_BITS'
 SIGNAL_IP_mWriteReg(SIGNAL_BASE_ADDR_A, INFO_REG, NUBMERS_BITS | 2); // PRCOESS 1
                                                   ^~~~~~~~~~~~
../src/main.c:31:57: error: 'numberOfBits' undeclared (first use in this function)
 #define NUBMERS_BITS number_of_numbers << OFFSET_NUMB | numberOfBits << OFFSET_BITS
                                                         ^
../../signal_test_bsp/microblaze_0/include/signal_ip.h:38:49: note: in definition of macro 'SIGNAL_IP_mWriteReg'
    Xil_Out32((BaseAddress) + (RegOffset), (u32)(Data))
                                                 ^~~~
../src/main.c:71:51: note: in expansion of macro 'NUBMERS_BITS'
 SIGNAL_IP_mWriteReg(SIGNAL_BASE_ADDR_A, INFO_REG, NUBMERS_BITS | 2); // PRCOESS 1
                                                   ^~~~~~~~~~~~
make: *** [src/subdir.mk:26: src/main.o] Error 1
23:12:56 **** Auto Build of configuration Debug for project signal_test ****
make all 
'Building file: ../src/main.c'
'Invoking: MicroBlaze gcc compiler'
mb-gcc -Wall -O0 -g3 -c -fmessage-length=0 -MT"src/main.o" -I../../signal_test_bsp/microblaze_0/include -mlittle-endian -mcpu=v11.0 -mxl-soft-mul -Wl,--no-relax -ffunction-sections -fdata-sections -MMD -MP -MF"src/main.d" -MT"src/main.o" -o "src/main.o" "../src/main.c"
In file included from ../src/main.c:8:0:
../src/main.c: In function 'main':
../src/main.c:73:41: error: 'INFO_REG' undeclared (first use in this function)
 SIGNAL_IP_mWriteReg(SIGNAL_BASE_ADDR_A, INFO_REG, NUBMERS_BITS | 2); // PRCOESS 1
                                         ^
../../signal_test_bsp/microblaze_0/include/signal_ip.h:38:31: note: in definition of macro 'SIGNAL_IP_mWriteReg'
    Xil_Out32((BaseAddress) + (RegOffset), (u32)(Data))
                               ^~~~~~~~~
../src/main.c:73:41: note: each undeclared identifier is reported only once for each function it appears in
 SIGNAL_IP_mWriteReg(SIGNAL_BASE_ADDR_A, INFO_REG, NUBMERS_BITS | 2); // PRCOESS 1
                                         ^
../../signal_test_bsp/microblaze_0/include/signal_ip.h:38:31: note: in definition of macro 'SIGNAL_IP_mWriteReg'
    Xil_Out32((BaseAddress) + (RegOffset), (u32)(Data))
                               ^~~~~~~~~
../src/main.c:31:22: error: 'number_of_numbers' undeclared (first use in this function)
 #define NUBMERS_BITS number_of_numbers << OFFSET_NUMB | numberOfBits << OFFSET_BITS
                      ^
../../signal_test_bsp/microblaze_0/include/signal_ip.h:38:49: note: in definition of macro 'SIGNAL_IP_mWriteReg'
    Xil_Out32((BaseAddress) + (RegOffset), (u32)(Data))
                                                 ^~~~
../src/main.c:73:51: note: in expansion of macro 'NUBMERS_BITS'
 SIGNAL_IP_mWriteReg(SIGNAL_BASE_ADDR_A, INFO_REG, NUBMERS_BITS | 2); // PRCOESS 1
                                                   ^~~~~~~~~~~~
make: *** [src/subdir.mk:26: src/main.o] Error 1
23:13:03 **** Auto Build of configuration Debug for project signal_test ****
make all 
'Building file: ../src/main.c'
'Invoking: MicroBlaze gcc compiler'
mb-gcc -Wall -O0 -g3 -c -fmessage-length=0 -MT"src/main.o" -I../../signal_test_bsp/microblaze_0/include -mlittle-endian -mcpu=v11.0 -mxl-soft-mul -Wl,--no-relax -ffunction-sections -fdata-sections -MMD -MP -MF"src/main.d" -MT"src/main.o" -o "src/main.o" "../src/main.c"
In file included from ../src/main.c:8:0:
../src/main.c: In function 'main':
../src/main.c:73:41: error: 'INFO_REG' undeclared (first use in this function)
 SIGNAL_IP_mWriteReg(SIGNAL_BASE_ADDR_A, INFO_REG, NUBMERS_BITS | 2); // PRCOESS 1
                                         ^
../../signal_test_bsp/microblaze_0/include/signal_ip.h:38:31: note: in definition of macro 'SIGNAL_IP_mWriteReg'
    Xil_Out32((BaseAddress) + (RegOffset), (u32)(Data))
                               ^~~~~~~~~
../src/main.c:73:41: note: each undeclared identifier is reported only once for each function it appears in
 SIGNAL_IP_mWriteReg(SIGNAL_BASE_ADDR_A, INFO_REG, NUBMERS_BITS | 2); // PRCOESS 1
                                         ^
../../signal_test_bsp/microblaze_0/include/signal_ip.h:38:31: note: in definition of macro 'SIGNAL_IP_mWriteReg'
    Xil_Out32((BaseAddress) + (RegOffset), (u32)(Data))
                               ^~~~~~~~~
../src/main.c:31:22: error: 'number_of_numbers' undeclared (first use in this function)
 #define NUBMERS_BITS number_of_numbers << OFFSET_NUMB | numberOfBits << OFFSET_BITS
                      ^
../../signal_test_bsp/microblaze_0/include/signal_ip.h:38:49: note: in definition of macro 'SIGNAL_IP_mWriteReg'
    Xil_Out32((BaseAddress) + (RegOffset), (u32)(Data))
                                                 ^~~~
../src/main.c:73:51: note: in expansion of macro 'NUBMERS_BITS'
 SIGNAL_IP_mWriteReg(SIGNAL_BASE_ADDR_A, INFO_REG, NUBMERS_BITS | 2); // PRCOESS 1
                                                   ^~~~~~~~~~~~
make: *** [src/subdir.mk:26: src/main.o] Error 1
23:13:28 **** Auto Build of configuration Debug for project signal_test ****
make all 
'Building file: ../src/main.c'
'Invoking: MicroBlaze gcc compiler'
mb-gcc -Wall -O0 -g3 -c -fmessage-length=0 -MT"src/main.o" -I../../signal_test_bsp/microblaze_0/include -mlittle-endian -mcpu=v11.0 -mxl-soft-mul -Wl,--no-relax -ffunction-sections -fdata-sections -MMD -MP -MF"src/main.d" -MT"src/main.o" -o "src/main.o" "../src/main.c"
../src/main.c:30:35: error: expected '=', ',', ';', 'asm' or '__attribute__' before 'number_of_numbers'
 uint32_t *arrayOfNumbers, uint8_t number_of_numbers, uint8_t numberOfBits;
                                   ^~~~~~~~~~~~~~~~~
In file included from ../src/main.c:8:0:
../src/main.c: In function 'main':
../src/main.c:73:41: error: 'INFO_REG' undeclared (first use in this function)
 SIGNAL_IP_mWriteReg(SIGNAL_BASE_ADDR_A, INFO_REG, NUBMERS_BITS | 2); // PRCOESS 1
                                         ^
../../signal_test_bsp/microblaze_0/include/signal_ip.h:38:31: note: in definition of macro 'SIGNAL_IP_mWriteReg'
    Xil_Out32((BaseAddress) + (RegOffset), (u32)(Data))
                               ^~~~~~~~~
../src/main.c:73:41: note: each undeclared identifier is reported only once for each function it appears in
 SIGNAL_IP_mWriteReg(SIGNAL_BASE_ADDR_A, INFO_REG, NUBMERS_BITS | 2); // PRCOESS 1
                                         ^
../../signal_test_bsp/microblaze_0/include/signal_ip.h:38:31: note: in definition of macro 'SIGNAL_IP_mWriteReg'
    Xil_Out32((BaseAddress) + (RegOffset), (u32)(Data))
                               ^~~~~~~~~
../src/main.c:31:22: error: 'number_of_numbers' undeclared (first use in this function)
 #define NUBMERS_BITS number_of_numbers << OFFSET_NUMB | numberOfBits << OFFSET_BITS
                      ^
../../signal_test_bsp/microblaze_0/include/signal_ip.h:38:49: note: in definition of macro 'SIGNAL_IP_mWriteReg'
    Xil_Out32((BaseAddress) + (RegOffset), (u32)(Data))
                                                 ^~~~
../src/main.c:73:51: note: in expansion of macro 'NUBMERS_BITS'
 SIGNAL_IP_mWriteReg(SIGNAL_BASE_ADDR_A, INFO_REG, NUBMERS_BITS | 2); // PRCOESS 1
                                                   ^~~~~~~~~~~~
../src/main.c:31:57: error: 'numberOfBits' undeclared (first use in this function)
 #define NUBMERS_BITS number_of_numbers << OFFSET_NUMB | numberOfBits << OFFSET_BITS
                                                         ^
../../signal_test_bsp/microblaze_0/include/signal_ip.h:38:49: note: in definition of macro 'SIGNAL_IP_mWriteReg'
    Xil_Out32((BaseAddress) + (RegOffset), (u32)(Data))
                                                 ^~~~
../src/main.c:73:51: note: in expansion of macro 'NUBMERS_BITS'
 SIGNAL_IP_mWriteReg(SIGNAL_BASE_ADDR_A, INFO_REG, NUBMERS_BITS | 2); // PRCOESS 1
                                                   ^~~~~~~~~~~~
make: *** [src/subdir.mk:26: src/main.o] Error 1
23:13:54 **** Auto Build of configuration Debug for project signal_test ****
make all 
'Building file: ../src/main.c'
'Invoking: MicroBlaze gcc compiler'
mb-gcc -Wall -O0 -g3 -c -fmessage-length=0 -MT"src/main.o" -I../../signal_test_bsp/microblaze_0/include -mlittle-endian -mcpu=v11.0 -mxl-soft-mul -Wl,--no-relax -ffunction-sections -fdata-sections -MMD -MP -MF"src/main.d" -MT"src/main.o" -o "src/main.o" "../src/main.c"
In file included from ../src/main.c:8:0:
../src/main.c: In function 'main':
../src/main.c:75:41: error: 'INFO_REG' undeclared (first use in this function)
 SIGNAL_IP_mWriteReg(SIGNAL_BASE_ADDR_A, INFO_REG, NUBMERS_BITS | 2); // PRCOESS 1
                                         ^
../../signal_test_bsp/microblaze_0/include/signal_ip.h:38:31: note: in definition of macro 'SIGNAL_IP_mWriteReg'
    Xil_Out32((BaseAddress) + (RegOffset), (u32)(Data))
                               ^~~~~~~~~
../src/main.c:75:41: note: each undeclared identifier is reported only once for each function it appears in
 SIGNAL_IP_mWriteReg(SIGNAL_BASE_ADDR_A, INFO_REG, NUBMERS_BITS | 2); // PRCOESS 1
                                         ^
../../signal_test_bsp/microblaze_0/include/signal_ip.h:38:31: note: in definition of macro 'SIGNAL_IP_mWriteReg'
    Xil_Out32((BaseAddress) + (RegOffset), (u32)(Data))
                               ^~~~~~~~~
make: *** [src/subdir.mk:26: src/main.o] Error 1
23:14:59 **** Auto Build of configuration Debug for project signal_test ****
make all 
'Building file: ../src/main.c'
'Invoking: MicroBlaze gcc compiler'
mb-gcc -Wall -O0 -g3 -c -fmessage-length=0 -MT"src/main.o" -I../../signal_test_bsp/microblaze_0/include -mlittle-endian -mcpu=v11.0 -mxl-soft-mul -Wl,--no-relax -ffunction-sections -fdata-sections -MMD -MP -MF"src/main.d" -MT"src/main.o" -o "src/main.o" "../src/main.c"
'Finished building: ../src/main.c'
' '
'Building file: ../src/platform.c'
'Invoking: MicroBlaze gcc compiler'
mb-gcc -Wall -O0 -g3 -c -fmessage-length=0 -MT"src/platform.o" -I../../signal_test_bsp/microblaze_0/include -mlittle-endian -mcpu=v11.0 -mxl-soft-mul -Wl,--no-relax -ffunction-sections -fdata-sections -MMD -MP -MF"src/platform.d" -MT"src/platform.o" -o "src/platform.o" "../src/platform.c"
'Finished building: ../src/platform.c'
' '
'Building target: signal_test.elf'
'Invoking: MicroBlaze gcc linker'
mb-gcc -Wl,-T -Wl,../src/lscript.ld -L../../signal_test_bsp/microblaze_0/lib -mlittle-endian -mcpu=v11.0 -mxl-soft-mul -Wl,--no-relax -Wl,--gc-sections -o "signal_test.elf"  ./src/main.o ./src/platform.o   -Wl,--start-group,-lxil,-lgcc,-lc,--end-group
'Finished building target: signal_test.elf'
' '
'Invoking: MicroBlaze Print Size'
mb-size signal_test.elf  |tee "signal_test.elf.size"
   text	   data	    bss	    dec	    hex	filename
   3868	    368	   3116	   7352	   1cb8	signal_test.elf
'Finished building: signal_test.elf.size'
' '
23:15:36 **** Clean-only build of configuration Debug for project signal_test ****
make clean 
rm -rf  ./src/main.o ./src/platform.o  ./src/main.d ./src/platform.d  signal_test.elf.size  signal_test.elf
' '
23:15:37 **** Auto Build of configuration Debug for project signal_test ****
make all 
'Building file: ../src/main.c'
'Invoking: MicroBlaze gcc compiler'
mb-gcc -Wall -O0 -g3 -c -fmessage-length=0 -MT"src/main.o" -I../../signal_test_bsp/microblaze_0/include -mlittle-endian -mcpu=v11.0 -mxl-soft-mul -Wl,--no-relax -ffunction-sections -fdata-sections -MMD -MP -MF"src/main.d" -MT"src/main.o" -o "src/main.o" "../src/main.c"
In file included from ../src/main.c:2:0:
../src/platform.h:36:10: fatal error: platform_config.h: No such file or directory
 #include "platform_config.h"
          ^~~~~~~~~~~~~~~~~~~
compilation terminated.
make: *** [src/subdir.mk:26: src/main.o] Error 1
23:15:43 **** Clean-only build of configuration Debug for project signal_test ****
make clean 
rm -rf  ./src/main.o ./src/platform.o  ./src/main.d ./src/platform.d  signal_test.elf.size  signal_test.elf
' '
23:15:43 **** Auto Build of configuration Debug for project signal_test ****
make all 
'Building file: ../src/main.c'
'Invoking: MicroBlaze gcc compiler'
mb-gcc -Wall -O0 -g3 -c -fmessage-length=0 -MT"src/main.o" -I../../signal_test_bsp/microblaze_0/include -mlittle-endian -mcpu=v11.0 -mxl-soft-mul -Wl,--no-relax -ffunction-sections -fdata-sections -MMD -MP -MF"src/main.d" -MT"src/main.o" -o "src/main.o" "../src/main.c"
In file included from ../src/main.c:2:0:
../src/platform.h:36:10: fatal error: platform_config.h: No such file or directory
 #include "platform_config.h"
          ^~~~~~~~~~~~~~~~~~~
compilation terminated.
make: *** [src/subdir.mk:23: src/main.o] Error 1
23:15:46 **** Clean-only build of configuration Debug for project signal_test ****
make clean 
rm -rf  ./src/main.o  ./src/main.d  signal_test.elf.size  signal_test.elf
' '
23:15:48 **** Auto Build of configuration Debug for project signal_test ****
make all 
'Building file: ../src/main.c'
'Invoking: MicroBlaze gcc compiler'
mb-gcc -Wall -O0 -g3 -c -fmessage-length=0 -MT"src/main.o" -I../../signal_test_bsp/microblaze_0/include -mlittle-endian -mcpu=v11.0 -mxl-soft-mul -Wl,--no-relax -ffunction-sections -fdata-sections -MMD -MP -MF"src/main.d" -MT"src/main.o" -o "src/main.o" "../src/main.c"
../src/main.c:2:10: fatal error: platform.h: No such file or directory
 #include "platform.h"
          ^~~~~~~~~~~~
compilation terminated.
make: *** [src/subdir.mk:23: src/main.o] Error 1
23:15:54 **** Auto Build of configuration Debug for project signal_test ****
make all 
'Building file: ../src/main.c'
'Invoking: MicroBlaze gcc compiler'
mb-gcc -Wall -O0 -g3 -c -fmessage-length=0 -MT"src/main.o" -I../../signal_test_bsp/microblaze_0/include -mlittle-endian -mcpu=v11.0 -mxl-soft-mul -Wl,--no-relax -ffunction-sections -fdata-sections -MMD -MP -MF"src/main.d" -MT"src/main.o" -o "src/main.o" "../src/main.c"
'Finished building: ../src/main.c'
' '
'Building target: signal_test.elf'
'Invoking: MicroBlaze gcc linker'
mb-gcc -Wl,-T -Wl,../src/lscript.ld -L../../signal_test_bsp/microblaze_0/lib -mlittle-endian -mcpu=v11.0 -mxl-soft-mul -Wl,--no-relax -Wl,--gc-sections -o "signal_test.elf"  ./src/main.o   -Wl,--start-group,-lxil,-lgcc,-lc,--end-group
'Finished building target: signal_test.elf'
' '
'Invoking: MicroBlaze Print Size'
mb-size signal_test.elf  |tee "signal_test.elf.size"
   text	   data	    bss	    dec	    hex	filename
   3868	    368	   3116	   7352	   1cb8	signal_test.elf
'Finished building: signal_test.elf.size'
' '
