23:15:54 **** Auto Build of configuration Debug for project signal_test ****
make all 
'Building file: ../src/main.c'
'Invoking: MicroBlaze gcc compiler'
mb-gcc -Wall -O0 -g3 -c -fmessage-length=0 -MT"src/main.o" -I../../signal_test_bsp/microblaze_0/include -mlittle-endian -mcpu=v11.0 -mxl-soft-mul -Wl,--no-relax -ffunction-sections -fdata-sections -MMD -MP -MF"src/main.d" -MT"src/main.o" -o "src/main.o" "../src/main.c"
'Finished building: ../src/main.c'
' '
'Building target: signal_test.elf'
'Invoking: MicroBlaze gcc linker'
mb-gcc -Wl,-T -Wl,../src/lscript.ld -L../../signal_test_bsp/microblaze_0/lib -mlittle-endian -mcpu=v11.0 -mxl-soft-mul -Wl,--no-relax -Wl,--gc-sections -o "signal_test.elf"  ./src/main.o   -Wl,--start-group,-lxil,-lgcc,-lc,--end-group
'Finished building target: signal_test.elf'
' '
'Invoking: MicroBlaze Print Size'
mb-size signal_test.elf  |tee "signal_test.elf.size"
   text	   data	    bss	    dec	    hex	filename
   3868	    368	   3116	   7352	   1cb8	signal_test.elf
'Finished building: signal_test.elf.size'
' '

23:15:55 Build Finished (took 1s.448ms)

