#-----------------------------------------------------------
# Vivado v2018.3 (64-bit)
# SW Build 2405991 on Thu Dec  6 23:38:27 MST 2018
# IP Build 2404404 on Fri Dec  7 01:43:56 MST 2018
# Start of session at: Mon Sep  6 23:24:13 2021
# Process ID: 16376
# Current directory: C:/Users/Magda/Desktop/Projekt_SDUP/SDUP_Project/AXI/signal_acc
# Command line: vivado.exe -gui_launcher_event rodinguilauncherevent19164 C:\Users\Magda\Desktop\Projekt_SDUP\SDUP_Project\AXI\signal_acc\signal_acc.xpr
# Log file: C:/Users/Magda/Desktop/Projekt_SDUP/SDUP_Project/AXI/signal_acc/vivado.log
# Journal file: C:/Users/Magda/Desktop/Projekt_SDUP/SDUP_Project/AXI/signal_acc\vivado.jou
#-----------------------------------------------------------
start_gui
open_project C:/Users/Magda/Desktop/Projekt_SDUP/SDUP_Project/AXI/signal_acc/signal_acc.xpr
update_compile_order -fileset sources_1
launch_sdk -workspace C:/Users/Magda/Desktop/Projekt_SDUP/SDUP_Project/AXI/signal_acc/signal_acc.sdk -hwspec C:/Users/Magda/Desktop/Projekt_SDUP/SDUP_Project/AXI/signal_acc/signal_acc.sdk/mb_design_wrapper.hdf
