#-----------------------------------------------------------
# Vivado v2018.3 (64-bit)
# SW Build 2405991 on Thu Dec  6 23:38:27 MST 2018
# IP Build 2404404 on Fri Dec  7 01:43:56 MST 2018
# Start of session at: Wed Sep  1 22:27:44 2021
# Process ID: 10476
# Current directory: C:/Users/user/Desktop/Studia/SDUP/project_FFT/project_FFT_correct
# Command line: vivado.exe -gui_launcher_event rodinguilauncherevent16944 C:\Users\user\Desktop\Studia\SDUP\project_FFT\project_FFT_correct\project_FFT.xpr
# Log file: C:/Users/user/Desktop/Studia/SDUP/project_FFT/project_FFT_correct/vivado.log
# Journal file: C:/Users/user/Desktop/Studia/SDUP/project_FFT/project_FFT_correct\vivado.jou
#-----------------------------------------------------------
start_gui
open_project C:/Users/user/Desktop/Studia/SDUP/project_FFT/project_FFT_correct/project_FFT.xpr
update_compile_order -fileset sources_1
launch_simulation
source signal_rtl_TB.tcl
close_sim
launch_simulation
source signal_rtl_TB.tcl
close_sim
launch_simulation
source signal_rtl_TB.tcl
close_sim
