19:49:10 **** Incremental Build of configuration Debug for project signal_test ****
make all 
make: Nothing to be done for 'all'.
19:50:33 **** Incremental Build of configuration Debug for project signal_test ****
make all 
make: Nothing to be done for 'all'.
19:52:34 **** Clean-only build of configuration Debug for project signal_test ****
make clean 
rm -rf  ./src/main.o  ./src/main.d  signal_test.elf.size  signal_test.elf
' '

****  of configuration Debug for project signal_test ****

Nothing to build for project signal_test
19:55:37 **** Auto Build of configuration Debug for project signal_test ****
make all 
'Building file: ../src/main.c'
'Invoking: MicroBlaze gcc compiler'
mb-gcc -Wall -O0 -g3 -c -fmessage-length=0 -MT"src/main.o" -I../../signal_test_bsp/microblaze_0/include -mlittle-endian -mcpu=v11.0 -mxl-soft-mul -Wl,--no-relax -ffunction-sections -fdata-sections -MMD -MP -MF"src/main.d" -MT"src/main.o" -o "src/main.o" "../src/main.c"
'Finished building: ../src/main.c'
' '
'Building target: signal_test.elf'
'Invoking: MicroBlaze gcc linker'
mb-gcc -Wl,-T -Wl,../src/lscript.ld -L../../signal_test_bsp/microblaze_0/lib -mlittle-endian -mcpu=v11.0 -mxl-soft-mul -Wl,--no-relax -Wl,--gc-sections -o "signal_test.elf"  ./src/main.o   -Wl,--start-group,-lxil,-lgcc,-lc,--end-group
c:/xilinx/sdk/2018.3/gnu/microblaze/nt/bin/../lib/gcc/microblaze-xilinx-elf/7.3.1/../../../../microblaze-xilinx-elf/lib/le/crtinit.o: In function `_crtinit':
(.text+0x78): undefined reference to `main'
collect2.exe: error: ld returned 1 exit status
make: *** [makefile:38: signal_test.elf] Error 1
19:55:50 **** Auto Build of configuration Debug for project signal_test ****
make all 
'Building file: ../src/main.c'
'Invoking: MicroBlaze gcc compiler'
mb-gcc -Wall -O0 -g3 -c -fmessage-length=0 -MT"src/main.o" -I../../signal_test_bsp/microblaze_0/include -mlittle-endian -mcpu=v11.0 -mxl-soft-mul -Wl,--no-relax -ffunction-sections -fdata-sections -MMD -MP -MF"src/main.d" -MT"src/main.o" -o "src/main.o" "../src/main.c"
In file included from ../src/main.c:9:0:
../src/main.c: In function 'main':
../../signal_test_bsp/microblaze_0/include/signal_ip.h:39:4: warning: 'data4' may be used uninitialized in this function [-Wmaybe-uninitialized]
    Xil_Out32((BaseAddress) + (RegOffset), (u32)(Data))
    ^~~~~~~~~
../src/main.c:30:5: note: 'data4' was declared here
 u32 data4;
     ^~~~~
'Finished building: ../src/main.c'
' '
'Building target: signal_test.elf'
'Invoking: MicroBlaze gcc linker'
mb-gcc -Wl,-T -Wl,../src/lscript.ld -L../../signal_test_bsp/microblaze_0/lib -mlittle-endian -mcpu=v11.0 -mxl-soft-mul -Wl,--no-relax -Wl,--gc-sections -o "signal_test.elf"  ./src/main.o   -Wl,--start-group,-lxil,-lgcc,-lc,--end-group
'Finished building target: signal_test.elf'
' '
'Invoking: MicroBlaze Print Size'
mb-size signal_test.elf  |tee "signal_test.elf.size"
   text	   data	    bss	    dec	    hex	filename
   4016	    368	   3112	   7496	   1d48	signal_test.elf
'Finished building: signal_test.elf.size'
' '
19:56:01 **** Incremental Build of configuration Debug for project signal_test ****
make all 
make: Nothing to be done for 'all'.
22:08:24 **** Incremental Build of configuration Debug for project signal_test ****
make all 
make: Nothing to be done for 'all'.
